Component: Arm Compiler for Embedded 6.19 Tool: armlink [5e73cb00]

==============================================================================

Section Cross References

    startup_stm32f103xb.o(STACK) refers (Special) to heapauxi.o(.text) for __use_two_region_memory
    startup_stm32f103xb.o(HEAP) refers (Special) to heapauxi.o(.text) for __use_two_region_memory
    startup_stm32f103xb.o(RESET) refers (Special) to heapauxi.o(.text) for __use_two_region_memory
    startup_stm32f103xb.o(RESET) refers to startup_stm32f103xb.o(STACK) for __initial_sp
    startup_stm32f103xb.o(RESET) refers to startup_stm32f103xb.o(.text) for Reset_Handler
    startup_stm32f103xb.o(RESET) refers to stm32f1xx_it.o(.text.NMI_Handler) for NMI_Handler
    startup_stm32f103xb.o(RESET) refers to stm32f1xx_it.o(.text.HardFault_Handler) for HardFault_Handler
    startup_stm32f103xb.o(RESET) refers to stm32f1xx_it.o(.text.MemManage_Handler) for MemManage_Handler
    startup_stm32f103xb.o(RESET) refers to stm32f1xx_it.o(.text.BusFault_Handler) for BusFault_Handler
    startup_stm32f103xb.o(RESET) refers to stm32f1xx_it.o(.text.UsageFault_Handler) for UsageFault_Handler
    startup_stm32f103xb.o(RESET) refers to stm32f1xx_it.o(.text.SVC_Handler) for SVC_Handler
    startup_stm32f103xb.o(RESET) refers to stm32f1xx_it.o(.text.DebugMon_Handler) for DebugMon_Handler
    startup_stm32f103xb.o(RESET) refers to stm32f1xx_it.o(.text.PendSV_Handler) for PendSV_Handler
    startup_stm32f103xb.o(RESET) refers to stm32f1xx_it.o(.text.SysTick_Handler) for SysTick_Handler
    startup_stm32f103xb.o(RESET) refers to stm32f1xx_it.o(.text.USB_HP_CAN1_TX_IRQHandler) for USB_HP_CAN1_TX_IRQHandler
    startup_stm32f103xb.o(RESET) refers to stm32f1xx_it.o(.text.USB_LP_CAN1_RX0_IRQHandler) for USB_LP_CAN1_RX0_IRQHandler
    startup_stm32f103xb.o(RESET) refers to stm32f1xx_it.o(.text.TIM3_IRQHandler) for TIM3_IRQHandler
    startup_stm32f103xb.o(RESET) refers to stm32f1xx_it.o(.text.TIM4_IRQHandler) for TIM4_IRQHandler
    startup_stm32f103xb.o(RESET) refers to stm32f1xx_it.o(.text.I2C2_EV_IRQHandler) for I2C2_EV_IRQHandler
    startup_stm32f103xb.o(RESET) refers to stm32f1xx_it.o(.text.I2C2_ER_IRQHandler) for I2C2_ER_IRQHandler
    startup_stm32f103xb.o(.text) refers (Special) to heapauxi.o(.text) for __use_two_region_memory
    startup_stm32f103xb.o(.text) refers to system_stm32f1xx.o(.text.SystemInit) for SystemInit
    startup_stm32f103xb.o(.text) refers to __main.o(!!!main) for __main
    startup_stm32f103xb.o(.text) refers to startup_stm32f103xb.o(HEAP) for Heap_Mem
    startup_stm32f103xb.o(.text) refers to startup_stm32f103xb.o(STACK) for Stack_Mem
    flashprom.o(.text.erase_flash) refers to flashprom.o(.bss.erase_flash.EraseInitStruct) for erase_flash.EraseInitStruct
    flashprom.o(.text.erase_flash) refers to stm32f1xx_hal_flash.o(.text.HAL_FLASH_Unlock) for HAL_FLASH_Unlock
    flashprom.o(.text.erase_flash) refers to stm32f1xx_hal_flash_ex.o(.text.HAL_FLASHEx_Erase) for HAL_FLASHEx_Erase
    flashprom.o(.text.erase_flash) refers to stm32f1xx_hal_flash.o(.text.HAL_FLASH_GetError) for HAL_FLASH_GetError
    flashprom.o(.text.erase_flash) refers to stm32f1xx_hal_flash.o(.text.HAL_FLASH_Lock) for HAL_FLASH_Lock
    flashprom.o(.ARM.exidx.text.erase_flash) refers to flashprom.o(.text.erase_flash) for [Anonymous Symbol]
    flashprom.o(.text.flash_search_adress) refers to flashprom.o(.bss.erase_flash.EraseInitStruct) for erase_flash.EraseInitStruct
    flashprom.o(.text.flash_search_adress) refers to stm32f1xx_hal_flash.o(.text.HAL_FLASH_Unlock) for HAL_FLASH_Unlock
    flashprom.o(.text.flash_search_adress) refers to stm32f1xx_hal_flash_ex.o(.text.HAL_FLASHEx_Erase) for HAL_FLASHEx_Erase
    flashprom.o(.text.flash_search_adress) refers to stm32f1xx_hal_flash.o(.text.HAL_FLASH_GetError) for HAL_FLASH_GetError
    flashprom.o(.text.flash_search_adress) refers to stm32f1xx_hal_flash.o(.text.HAL_FLASH_Lock) for HAL_FLASH_Lock
    flashprom.o(.ARM.exidx.text.flash_search_adress) refers to flashprom.o(.text.flash_search_adress) for [Anonymous Symbol]
    flashprom.o(.text.write_to_flash) refers to main.o(.bss..L_MergedGlobals) for res_addr
    flashprom.o(.text.write_to_flash) refers to flashprom.o(.bss.erase_flash.EraseInitStruct) for erase_flash.EraseInitStruct
    flashprom.o(.text.write_to_flash) refers to stm32f1xx_hal_flash.o(.text.HAL_FLASH_Unlock) for HAL_FLASH_Unlock
    flashprom.o(.text.write_to_flash) refers to stm32f1xx_hal_flash_ex.o(.text.HAL_FLASHEx_Erase) for HAL_FLASHEx_Erase
    flashprom.o(.text.write_to_flash) refers to stm32f1xx_hal_flash.o(.text.HAL_FLASH_GetError) for HAL_FLASH_GetError
    flashprom.o(.text.write_to_flash) refers to stm32f1xx_hal_flash.o(.text.HAL_FLASH_Lock) for HAL_FLASH_Lock
    flashprom.o(.text.write_to_flash) refers to stm32f1xx_hal_flash.o(.text.HAL_FLASH_Program) for HAL_FLASH_Program
    flashprom.o(.text.write_to_flash) refers to stm32f1xx_hal_crc.o(.text.HAL_CRC_Calculate) for HAL_CRC_Calculate
[...]
    [Anonymous Symbol]                       0x08000e88   Section        0  stm32f1xx_hal_can.o(.text.HAL_CAN_GetTxMailboxesFreeLevel)
    [Anonymous Symbol]                       0x08000eb0   Section        0  stm32f1xx_hal_can.o(.text.HAL_CAN_IRQHandler)
    [Anonymous Symbol]                       0x08001110   Section        0  stm32f1xx_hal_can.o(.text.HAL_CAN_Init)
    [Anonymous Symbol]                       0x08001204   Section        0  stm32f1xx_hal_msp.o(.text.HAL_CAN_MspInit)
    [Anonymous Symbol]                       0x080012c0   Section        0  stm32f1xx_hal_can.o(.text.HAL_CAN_RxFifo0FullCallback)
    [Anonymous Symbol]                       0x080012c4   Section        0  stm32f1xx_hal_can.o(.text.HAL_CAN_RxFifo0MsgPendingCallback)
    [Anonymous Symbol]                       0x080012c8   Section        0  stm32f1xx_hal_can.o(.text.HAL_CAN_RxFifo1FullCallback)
    [Anonymous Symbol]                       0x080012cc   Section        0  stm32f1xx_hal_can.o(.text.HAL_CAN_RxFifo1MsgPendingCallback)
    [Anonymous Symbol]                       0x080012d0   Section        0  stm32f1xx_hal_can.o(.text.HAL_CAN_SleepCallback)
    [Anonymous Symbol]                       0x080012d4   Section        0  stm32f1xx_hal_can.o(.text.HAL_CAN_Start)
    [Anonymous Symbol]                       0x08001330   Section        0  stm32f1xx_hal_can.o(.text.HAL_CAN_TxMailbox0AbortCallback)
    [Anonymous Symbol]                       0x08001334   Section        0  stm32f1xx_hal_can.o(.text.HAL_CAN_TxMailbox0CompleteCallback)
    [Anonymous Symbol]                       0x08001338   Section        0  stm32f1xx_hal_can.o(.text.HAL_CAN_TxMailbox1AbortCallback)
    [Anonymous Symbol]                       0x0800133c   Section        0  stm32f1xx_hal_can.o(.text.HAL_CAN_TxMailbox1CompleteCallback)
    [Anonymous Symbol]                       0x08001340   Section        0  stm32f1xx_hal_can.o(.text.HAL_CAN_TxMailbox2AbortCallback)
    [Anonymous Symbol]                       0x08001344   Section        0  stm32f1xx_hal_can.o(.text.HAL_CAN_TxMailbox2CompleteCallback)
    [Anonymous Symbol]                       0x08001348   Section        0  stm32f1xx_hal_can.o(.text.HAL_CAN_WakeUpFromRxMsgCallback)
    [Anonymous Symbol]                       0x0800134c   Section        0  stm32f1xx_hal_crc.o(.text.HAL_CRC_Calculate)
    [Anonymous Symbol]                       0x080013d4   Section        0  stm32f1xx_hal_crc.o(.text.HAL_CRC_Init)
    [Anonymous Symbol]                       0x08001400   Section        0  stm32f1xx_hal_msp.o(.text.HAL_CRC_MspInit)
    [Anonymous Symbol]                       0x08001434   Section        0  stm32f1xx_hal_dma.o(.text.HAL_DMA_Abort_IT)
    [Anonymous Symbol]                       0x080014e8   Section        0  stm32f1xx_hal_dma.o(.text.HAL_DMA_GetState)
    [Anonymous Symbol]                       0x080014f0   Section        0  stm32f1xx_hal.o(.text.HAL_Delay)
    [Anonymous Symbol]                       0x08001518   Section        0  stm32f1xx_hal_flash_ex.o(.text.HAL_FLASHEx_Erase)
    [Anonymous Symbol]                       0x08001608   Section        0  stm32f1xx_hal_flash.o(.text.HAL_FLASH_GetError)
    [Anonymous Symbol]                       0x08001614   Section        0  stm32f1xx_hal_flash.o(.text.HAL_FLASH_Lock)
    [Anonymous Symbol]                       0x08001628   Section        0  stm32f1xx_hal_flash.o(.text.HAL_FLASH_Program)
    [Anonymous Symbol]                       0x080016d4   Section        0  stm32f1xx_hal_flash.o(.text.HAL_FLASH_Unlock)
    [Anonymous Symbol]                       0x08001704   Section        0  stm32f1xx_hal_gpio.o(.text.HAL_GPIO_Init)
    [Anonymous Symbol]                       0x08001920   Section        0  stm32f1xx_hal_gpio.o(.text.HAL_GPIO_ReadPin)
    [Anonymous Symbol]                       0x0800192c   Section        0  stm32f1xx_hal_gpio.o(.text.HAL_GPIO_WritePin)
    [Anonymous Symbol]                       0x08001938   Section        0  stm32f1xx_hal.o(.text.HAL_GetTick)
    [Anonymous Symbol]                       0x08001944   Section        0  stm32f1xx_hal_i2c.o(.text.HAL_I2C_AbortCpltCallback)
    [Anonymous Symbol]                       0x08001948   Section        0  stm32f1xx_hal_i2c.o(.text.HAL_I2C_AddrCallback)
    [Anonymous Symbol]                       0x0800194c   Section        0  stm32f1xx_hal_i2c.o(.text.HAL_I2C_ER_IRQHandler)
    [Anonymous Symbol]                       0x08001aa0   Section        0  stm32f1xx_hal_i2c.o(.text.HAL_I2C_EV_IRQHandler)
    [Anonymous Symbol]                       0x080020fc   Section        0  stm32f1xx_hal_i2c.o(.text.HAL_I2C_ErrorCallback)
    [Anonymous Symbol]                       0x08002100   Section        0  stm32f1xx_hal_i2c.o(.text.HAL_I2C_Init)
    [Anonymous Symbol]                       0x08002278   Section        0  stm32f1xx_hal_i2c.o(.text.HAL_I2C_ListenCpltCallback)
    [Anonymous Symbol]                       0x0800227c   Section        0  main.o(.text.HAL_I2C_MasterRxCpltCallback)
    [Anonymous Symbol]                       0x08002280   Section        0  main.o(.text.HAL_I2C_MasterTxCpltCallback)
    [Anonymous Symbol]                       0x08002284   Section        0  stm32f1xx_hal_i2c.o(.text.HAL_I2C_Master_Receive_IT)
    [Anonymous Symbol]                       0x08002400   Section        0  stm32f1xx_hal_i2c.o(.text.HAL_I2C_Master_Transmit)
    [Anonymous Symbol]                       0x080025d4   Section        0  stm32f1xx_hal_i2c.o(.text.HAL_I2C_MemRxCpltCallback)
    [Anonymous Symbol]                       0x080025d8   Section        0  stm32f1xx_hal_i2c.o(.text.HAL_I2C_MemTxCpltCallback)
    [Anonymous Symbol]                       0x080025dc   Section        0  stm32f1xx_hal_msp.o(.text.HAL_I2C_MspInit)
    [Anonymous Symbol]                       0x08002660   Section        0  stm32f1xx_hal_i2c.o(.text.HAL_I2C_SlaveRxCpltCallback)
    [Anonymous Symbol]                       0x08002664   Section        0  stm32f1xx_hal_i2c.o(.text.HAL_I2C_SlaveTxCpltCallback)
    [Anonymous Symbol]                       0x08002668   Section        0  stm32f1xx_hal_iwdg.o(.text.HAL_IWDG_Init)
    [Anonymous Symbol]                       0x080026c0   Section        0  stm32f1xx_hal_iwdg.o(.text.HAL_IWDG_Refresh)
    [Anonymous Symbol]                       0x080026cc   Section        0  stm32f1xx_hal.o(.text.HAL_IncTick)
    [Anonymous Symbol]                       0x080026e8   Section        0  stm32f1xx_hal.o(.text.HAL_Init)
    [Anonymous Symbol]                       0x08002710   Section        0  stm32f1xx_hal.o(.text.HAL_InitTick)
    [Anonymous Symbol]                       0x08002758   Section        0  stm32f1xx_hal_msp.o(.text.HAL_MspInit)
    [Anonymous Symbol]                       0x0800279c   Section        0  stm32f1xx_hal_cortex.o(.text.HAL_NVIC_EnableIRQ)
    [Anonymous Symbol]                       0x080027c4   Section        0  stm32f1xx_hal_cortex.o(.text.HAL_NVIC_SetPriority)
    [Anonymous Symbol]                       0x0800281c   Section        0  stm32f1xx_hal_cortex.o(.text.HAL_NVIC_SetPriorityGrouping)
    [Anonymous Symbol]                       0x0800283c   Section        0  stm32f1xx_hal_rcc_ex.o(.text.HAL_RCCEx_GetPeriphCLKFreq)
    HAL_RCCEx_GetPeriphCLKFreq.aPLLMULFactorTable 0x08002918   Number         0  stm32f1xx_hal_rcc_ex.o(.text.HAL_RCCEx_GetPeriphCLKFreq)
    HAL_RCCEx_GetPeriphCLKFreq.aPredivFactorTable 0x08002928   Number         0  stm32f1xx_hal_rcc_ex.o(.text.HAL_RCCEx_GetPeriphCLKFreq)
    [Anonymous Symbol]                       0x0800292c   Section        0  stm32f1xx_hal_rcc_ex.o(.text.HAL_RCCEx_PeriphCLKConfig)
    [Anonymous Symbol]                       0x08002a38   Section        0  stm32f1xx_hal_rcc.o(.text.HAL_RCC_ClockConfig)
    [Anonymous Symbol]                       0x08002bf8   Section        0  stm32f1xx_hal_rcc.o(.text.HAL_RCC_GetPCLK1Freq)
    [Anonymous Symbol]                       0x08002c20   Section        0  stm32f1xx_hal_rcc.o(.text.HAL_RCC_GetPCLK2Freq)
    [Anonymous Symbol]                       0x08002c48   Section        0  stm32f1xx_hal_rcc.o(.text.HAL_RCC_OscConfig)
    [Anonymous Symbol]                       0x08002ffc   Section        0  stm32f1xx_hal_cortex.o(.text.HAL_SYSTICK_Config)
    [Anonymous Symbol]                       0x08003028   Section        0  stm32f1xx_hal_tim_ex.o(.text.HAL_TIMEx_BreakCallback)
    [Anonymous Symbol]                       0x0800302c   Section        0  stm32f1xx_hal_tim_ex.o(.text.HAL_TIMEx_CommutCallback)
    [Anonymous Symbol]                       0x08003030   Section        0  stm32f1xx_hal_tim_ex.o(.text.HAL_TIMEx_MasterConfigSynchronization)
    [Anonymous Symbol]                       0x080030ac   Section        0  stm32f1xx_hal_tim.o(.text.HAL_TIM_Base_Init)
    [Anonymous Symbol]                       0x08003198   Section        0  stm32f1xx_hal_msp.o(.text.HAL_TIM_Base_MspInit)
    [Anonymous Symbol]                       0x0800320c   Section        0  stm32f1xx_hal_tim.o(.text.HAL_TIM_Base_Start_IT)
    [Anonymous Symbol]                       0x0800327c   Section        0  stm32f1xx_hal_tim.o(.text.HAL_TIM_ConfigClockSource)
    [Anonymous Symbol]                       0x08003418   Section        0  stm32f1xx_hal_tim.o(.text.HAL_TIM_IC_CaptureCallback)
    [Anonymous Symbol]                       0x0800341c   Section        0  stm32f1xx_hal_tim.o(.text.HAL_TIM_IRQHandler)
    [Anonymous Symbol]                       0x0800358c   Section        0  stm32f1xx_hal_tim.o(.text.HAL_TIM_OC_DelayElapsedCallback)
    [Anonymous Symbol]                       0x08003590   Section        0  stm32f1xx_hal_tim.o(.text.HAL_TIM_PWM_PulseFinishedCallback)
    [Anonymous Symbol]                       0x08003594   Section        0  main.o(.text.HAL_TIM_PeriodElapsedCallback)
    [Anonymous Symbol]                       0x0800395c   Section        0  stm32f1xx_hal_tim.o(.text.HAL_TIM_TriggerCallback)
    [Anonymous Symbol]                       0x08003960   Section        0  stm32f1xx_hal_uart.o(.text.HAL_UART_Init)
    [Anonymous Symbol]                       0x08003a44   Section        0  stm32f1xx_hal_msp.o(.text.HAL_UART_MspInit)
    [Anonymous Symbol]                       0x08003acc   Section        0  stm32f1xx_it.o(.text.HardFault_Handler)
    [Anonymous Symbol]                       0x08003ad0   Section        0  stm32f1xx_it.o(.text.I2C2_ER_IRQHandler)
    [Anonymous Symbol]                       0x08003adc   Section        0  stm32f1xx_it.o(.text.I2C2_EV_IRQHandler)
    I2C_DMAAbort                             0x08003ae9   Thumb Code   290  stm32f1xx_hal_i2c.o(.text.I2C_DMAAbort)
    [Anonymous Symbol]                       0x08003ae8   Section        0  stm32f1xx_hal_i2c.o(.text.I2C_DMAAbort)
    I2C_ITError                              0x08003c0d   Thumb Code   396  stm32f1xx_hal_i2c.o(.text.I2C_ITError)
    [Anonymous Symbol]                       0x08003c0c   Section        0  stm32f1xx_hal_i2c.o(.text.I2C_ITError)
    I2C_MasterReceive_BTF                    0x08003d99   Thumb Code   232  stm32f1xx_hal_i2c.o(.text.I2C_MasterReceive_BTF)
    [Anonymous Symbol]                       0x08003d98   Section        0  stm32f1xx_hal_i2c.o(.text.I2C_MasterReceive_BTF)
    I2C_MasterReceive_RXNE                   0x08003e81   Thumb Code   322  stm32f1xx_hal_i2c.o(.text.I2C_MasterReceive_RXNE)
    [Anonymous Symbol]                       0x08003e80   Section        0  stm32f1xx_hal_i2c.o(.text.I2C_MasterReceive_RXNE)
    I2C_MasterTransmit_BTF                   0x08003fc5   Thumb Code   130  stm32f1xx_hal_i2c.o(.text.I2C_MasterTransmit_BTF)
    [Anonymous Symbol]                       0x08003fc4   Section        0  stm32f1xx_hal_i2c.o(.text.I2C_MasterTransmit_BTF)
    I2C_MasterTransmit_TXE                   0x08004049   Thumb Code   178  stm32f1xx_hal_i2c.o(.text.I2C_MasterTransmit_TXE)
    [Anonymous Symbol]                       0x08004048   Section        0  stm32f1xx_hal_i2c.o(.text.I2C_MasterTransmit_TXE)
    I2C_MemoryTransmit_TXE_BTF               0x080040fd   Thumb Code   190  stm32f1xx_hal_i2c.o(.text.I2C_MemoryTransmit_TXE_BTF)
    [Anonymous Symbol]                       0x080040fc   Section        0  stm32f1xx_hal_i2c.o(.text.I2C_MemoryTransmit_TXE_BTF)
    I2C_WaitOnBTFFlagUntilTimeout            0x080041bd   Thumb Code   190  stm32f1xx_hal_i2c.o(.text.I2C_WaitOnBTFFlagUntilTimeout)
    [Anonymous Symbol]                       0x080041bc   Section        0  stm32f1xx_hal_i2c.o(.text.I2C_WaitOnBTFFlagUntilTimeout)
    I2C_WaitOnFlagUntilTimeout               0x0800427d   Thumb Code   466  stm32f1xx_hal_i2c.o(.text.I2C_WaitOnFlagUntilTimeout)
    [Anonymous Symbol]                       0x0800427c   Section        0  stm32f1xx_hal_i2c.o(.text.I2C_WaitOnFlagUntilTimeout)
    I2C_WaitOnMasterAddressFlagUntilTimeout  0x08004451   Thumb Code   224  stm32f1xx_hal_i2c.o(.text.I2C_WaitOnMasterAddressFlagUntilTimeout)
    [Anonymous Symbol]                       0x08004450   Section        0  stm32f1xx_hal_i2c.o(.text.I2C_WaitOnMasterAddressFlagUntilTimeout)
    I2C_WaitOnTXEFlagUntilTimeout            0x08004531   Thumb Code   190  stm32f1xx_hal_i2c.o(.text.I2C_WaitOnTXEFlagUntilTimeout)
    [Anonymous Symbol]                       0x08004530   Section        0  stm32f1xx_hal_i2c.o(.text.I2C_WaitOnTXEFlagUntilTimeout)
    [Anonymous Symbol]                       0x080045f0   Section        0  stm32f1xx_it.o(.text.MemManage_Handler)
    [Anonymous Symbol]                       0x080045f4   Section        0  stm32f1xx_it.o(.text.NMI_Handler)
    [Anonymous Symbol]                       0x080045f8   Section        0  stm32f1xx_it.o(.text.PendSV_Handler)
    [Anonymous Symbol]                       0x080045fc   Section        0  main.o(.text.ProcessChannel)
    [Anonymous Symbol]                       0x0800470c   Section        0  stm32f1xx_it.o(.text.SVC_Handler)
    [Anonymous Symbol]                       0x08004710   Section        0  stm32f1xx_it.o(.text.SysTick_Handler)
    [Anonymous Symbol]                       0x08004714   Section        0  system_stm32f1xx.o(.text.SystemInit)
    [Anonymous Symbol]                       0x08004718   Section        0  stm32f1xx_it.o(.text.TIM3_IRQHandler)
    [Anonymous Symbol]                       0x08004724   Section        0  stm32f1xx_it.o(.text.TIM4_IRQHandler)
    [Anonymous Symbol]                       0x08004730   Section        0  stm32f1xx_it.o(.text.USB_HP_CAN1_TX_IRQHandler)
    [Anonymous Symbol]                       0x0800473c   Section        0  stm32f1xx_it.o(.text.USB_LP_CAN1_RX0_IRQHandler)
    [Anonymous Symbol]                       0x08004748   Section        0  main.o(.text.UpdateStatus)
    [Anonymous Symbol]                       0x08004964   Section        0  stm32f1xx_it.o(.text.UsageFault_Handler)
    [Anonymous Symbol]                       0x08004968   Section        0  flashprom.o(.text.erase_flash)
    [Anonymous Symbol]                       0x080049a4   Section        0  flashprom.o(.text.flash_search_adress)
    [Anonymous Symbol]                       0x08004a68   Section        0  main.o(.text.main)
    [Anonymous Symbol]                       0x08005aa8   Section        0  flashprom.o(.text.read_last_data_in_flash)
    [Anonymous Symbol]                       0x08005b78   Section        0  flashprom.o(.text.write_to_flash)
    i.roundf                                 0x08005d80   Section        0  roundf.o(i.roundf)
    i.sqrt                                   0x08005df2   Section        0  sqrt.o(i.sqrt)
    x$fpl$d2f                                0x08005e40   Section       98  d2f.o(x$fpl$d2f)
    x$fpl$dadd                               0x08005ea4   Section      336  daddsub_clz.o(x$fpl$dadd)
    _dadd1                                   0x08005eb5   Thumb Code     0  daddsub_clz.o(x$fpl$dadd)
    x$fpl$dfix                               0x08005ff4   Section       94  dfix.o(x$fpl$dfix)
    x$fpl$dflt                               0x08006052   Section       46  dflt_clz.o(x$fpl$dflt)
    x$fpl$dfltull                            0x08006080   Section      138  dfltll_clz.o(x$fpl$dfltull)
    x$fpl$dmul                               0x0800610c   Section      340  dmul.o(x$fpl$dmul)
    x$fpl$dnaninf                            0x08006260   Section      156  dnaninf.o(x$fpl$dnaninf)
    x$fpl$dretinf                            0x080062fc   Section       12  dretinf.o(x$fpl$dretinf)
    x$fpl$dsqrt                              0x08006308   Section      460  dsqrt_noumaal.o(x$fpl$dsqrt)
    x$fpl$dsub                               0x080064d4   Section      476  daddsub_clz.o(x$fpl$dsub)
    _dsub1                                   0x080064e5   Thumb Code     0  daddsub_clz.o(x$fpl$dsub)
    x$fpl$fadd                               0x080066b0   Section      196  faddsub_clz.o(x$fpl$fadd)
    _fadd1                                   0x080066bf   Thumb Code     0  faddsub_clz.o(x$fpl$fadd)
    x$fpl$ffix                               0x08006774   Section       54  ffix.o(x$fpl$ffix)
    x$fpl$fnaninf                            0x080067aa   Section      140  fnaninf.o(x$fpl$fnaninf)
    x$fpl$fretinf                            0x08006836   Section       10  fretinf.o(x$fpl$fretinf)
    x$fpl$frnd                               0x08006840   Section       96  frnd.o(x$fpl$frnd)
    x$fpl$fsub                               0x080068a0   Section      234  faddsub_clz.o(x$fpl$fsub)
    _fsub1                                   0x080068af   Thumb Code     0  faddsub_clz.o(x$fpl$fsub)
    x$fpl$usenofp                            0x0800698a   Section        0  usenofp.o(x$fpl$usenofp)
    HAL_RCC_GetSysClockFreq.aPredivFactorTable 0x080069a2   Data           2  stm32f1xx_hal_rcc.o(.rodata.HAL_RCC_GetSysClockFreq.aPredivFactorTable)
    [Anonymous Symbol]                       0x080069a2   Section        0  stm32f1xx_hal_rcc.o(.rodata.HAL_RCC_GetSysClockFreq.aPredivFactorTable)
    HAL_RCC_GetSysClockFreq.aPLLMULFactorTable 0x080069a4   Data          16  stm32f1xx_hal_rcc.o(.rodata.cst16)
    [Anonymous Symbol]                       0x080069a4   Section        0  stm32f1xx_hal_rcc.o(.rodata.cst16)
    .L_MergedGlobals                         0x20000000   Data           8  stm32f1xx_hal.o(.data..L_MergedGlobals)
    [Anonymous Symbol]                       0x20000000   Section        0  stm32f1xx_hal.o(.data..L_MergedGlobals)
    .bss                                     0x200007e8   Section       96  libspace.o(.bss)
    .L_MergedGlobals                         0x20000848   Data         116  main.o(.bss..L_MergedGlobals)
    [Anonymous Symbol]                       0x20000848   Section        0  main.o(.bss..L_MergedGlobals)
    ScanSpeedSensor.old_value                0x2000084c   Data           2  main.o(.bss..L_MergedGlobals)
    .L_MergedGlobals.1                       0x200008bc   Data         112  main.o(.bss..L_MergedGlobals.1)
    [Anonymous Symbol]                       0x200008bc   Section        0  main.o(.bss..L_MergedGlobals.1)
    .L_MergedGlobals.2                       0x2000092c   Data          98  main.o(.bss..L_MergedGlobals.2)
    [Anonymous Symbol]                       0x2000092c   Section        0  main.o(.bss..L_MergedGlobals.2)
    .L_MergedGlobals.3                       0x20000990   Data          88  main.o(.bss..L_MergedGlobals.3)
    [Anonymous Symbol]                       0x20000990   Section        0  main.o(.bss..L_MergedGlobals.3)
    erase_flash.EraseInitStruct              0x200009e8   Data          16  flashprom.o(.bss.erase_flash.EraseInitStruct)
    [Anonymous Symbol]                       0x200009e8   Section        0  flashprom.o(.bss.erase_flash.EraseInitStruct)
    Heap_Mem                                 0x20000c38   Data         512  startup_stm32f103xb.o(HEAP)
    HEAP                                     0x20000c38   Section      512  startup_stm32f103xb.o(HEAP)
    Stack_Mem                                0x20000e38   Data        1024  startup_stm32f103xb.o(STACK)
    STACK                                    0x20000e38   Section     1024  startup_stm32f103xb.o(STACK)
    __initial_sp                             0x20001238   Data           0  startup_stm32f103xb.o(STACK)

    Global Symbols

    Symbol Name                              Value     Ov Type        Size  Object(Section)

    BuildAttributes$$THM_ISAv4$P$D$K$B$S$PE$A:L22UL41UL21$X:L11$S22US41US21$IEEE1$IW$~IW$USESV6$~STKCKD$USESV7$~SHL$OTIME$ROPI$IEEEJ$EBA8$UX$STANDARDLIB$REQ8$PRES8$EABIv2 0x00000000   Number         0  anon$$obj.o ABSOLUTE
    __fp_init_empty                          0x00000000   Number         0  fpinit_empty.o ABSOLUTE
    __ARM_exceptions_init                     - Undefined Weak Reference
    __alloca_initialize                       - Undefined Weak Reference
    __arm_preinit_                            - Undefined Weak Reference
    __arm_relocate_pie_                       - Undefined Weak Reference
    __cpp_initialize__aeabi_                  - Undefined Weak Reference
    __cxa_finalize                            - Undefined Weak Reference
    __rt_locale                               - Undefined Weak Reference
    __sigvec_lookup                           - Undefined Weak Reference
    _atexit_init                              - Undefined Weak Reference
    _call_atexit_fns                          - Undefined Weak Reference
    _clock_init                               - Undefined Weak Reference
    _fp_trap_init                             - Undefined Weak Reference
    _fp_trap_shutdown                         - Undefined Weak Reference
    _get_lc_collate                           - Undefined Weak Reference
    _get_lc_ctype                             - Undefined Weak Reference
    _get_lc_monetary                          - Undefined Weak Reference
    _get_lc_numeric                           - Undefined Weak Reference
    _get_lc_time                              - Undefined Weak Reference
    _getenv_init                              - Undefined Weak Reference
    _handle_redirection                       - Undefined Weak Reference
    _init_alloc                               - Undefined Weak Reference
    _init_user_alloc                          - Undefined Weak Reference
    _initio                                   - Undefined Weak Reference
    _rand_init                                - Undefined Weak Reference
    _signal_finish                            - Undefined Weak Reference
    _signal_init                              - Undefined Weak Reference
    _terminate_alloc                          - Undefined Weak Reference
    _terminate_user_alloc                     - Undefined Weak Reference
    _terminateio                              - Undefined Weak Reference
    __Vectors_Size                           0x000000ec   Number         0  startup_stm32f103xb.o ABSOLUTE
    __Vectors                                0x08000000   Data           4  startup_stm32f103xb.o(RESET)
    __Vectors_End                            0x080000ec   Data           0  startup_stm32f103xb.o(RESET)
    __main                                   0x080000ed   Thumb Code     8  __main.o(!!!main)
    __scatterload                            0x080000f5   Thumb Code     0  __scatter.o(!!!scatter)
    __scatterload_rt2                        0x080000f5   Thumb Code    44  __scatter.o(!!!scatter)
    __scatterload_rt2_thumb_only             0x080000f5   Thumb Code     0  __scatter.o(!!!scatter)
    __scatterload_null                       0x08000103   Thumb Code     0  __scatter.o(!!!scatter)
    __decompress                             0x08000129   Thumb Code    90  __dczerorl2.o(!!dczerorl2)
    __decompress1                            0x08000129   Thumb Code     0  __dczerorl2.o(!!dczerorl2)
    __scatterload_zeroinit                   0x08000185   Thumb Code    28  __scatter_zi.o(!!handler_zi)
    __rt_lib_init                            0x080001a1   Thumb Code     0  libinit.o(.ARM.Collect$$libinit$$00000000)
    __rt_lib_init_alloca_1                   0x080001a3   Thumb Code     0  libinit2.o(.ARM.Collect$$libinit$$00000030)
    __rt_lib_init_argv_1                     0x080001a3   Thumb Code     0  libinit2.o(.ARM.Collect$$libinit$$0000002E)
    __rt_lib_init_atexit_1                   0x080001a3   Thumb Code     0  libinit2.o(.ARM.Collect$$libinit$$0000001D)
    __rt_lib_init_clock_1                    0x080001a3   Thumb Code     0  libinit2.o(.ARM.Collect$$libinit$$00000023)
    __rt_lib_init_cpp_1                      0x080001a3   Thumb Code     0  libinit2.o(.ARM.Collect$$libinit$$00000034)
    __rt_lib_init_exceptions_1               0x080001a3   Thumb Code     0  libinit2.o(.ARM.Collect$$libinit$$00000032)
    __rt_lib_init_fp_1                       0x080001a3   Thumb Code     0  libinit2.o(.ARM.Collect$$libinit$$00000002)
    __rt_lib_init_fp_trap_1                  0x080001a3   Thumb Code     0  libinit2.o(.ARM.Collect$$libinit$$00000021)
    __rt_lib_init_getenv_1                   0x080001a3   Thumb Code     0  libinit2.o(.ARM.Collect$$libinit$$00000025)
    __rt_lib_init_heap_1                     0x080001a3   Thumb Code     0  libinit2.o(.ARM.Collect$$libinit$$0000000C)
    __rt_lib_init_lc_collate_1               0x080001a3   Thumb Code     0  libinit2.o(.ARM.Collect$$libinit$$00000013)
    __rt_lib_init_lc_ctype_1                 0x080001a3   Thumb Code     0  libinit2.o(.ARM.Collect$$libinit$$00000015)
    __rt_lib_init_lc_monetary_1              0x080001a3   Thumb Code     0  libinit2.o(.ARM.Collect$$libinit$$00000017)
    __rt_lib_init_lc_numeric_1               0x080001a3   Thumb Code     0  libinit2.o(.ARM.Collect$$libinit$$00000019)
    __rt_lib_init_lc_time_1                  0x080001a3   Thumb Code     0  libinit2.o(.ARM.Collect$$libinit$$0000001B)
    __rt_lib_init_preinit_1                  0x080001a3   Thumb Code     0  libinit2.o(.ARM.Collect$$libinit$$00000006)
    __rt_lib_init_rand_1                     0x080001a3   Thumb Code     0  libinit2.o(.ARM.Collect$$libinit$$00000010)
    __rt_lib_init_relocate_pie_1             0x080001a3   Thumb Code     0  libinit2.o(.ARM.Collect$$libinit$$00000004)
    __rt_lib_init_return                     0x080001a3   Thumb Code     0  libinit2.o(.ARM.Collect$$libinit$$00000035)
    __rt_lib_init_signal_1                   0x080001a3   Thumb Code     0  libinit2.o(.ARM.Collect$$libinit$$0000001F)
    __rt_lib_init_stdio_1                    0x080001a3   Thumb Code     0  libinit2.o(.ARM.Collect$$libinit$$00000027)
    __rt_lib_init_user_alloc_1               0x080001a3   Thumb Code     0  libinit2.o(.ARM.Collect$$libinit$$0000000E)
    __rt_lib_shutdown                        0x080001a5   Thumb Code     0  libshutdown.o(.ARM.Collect$$libshutdown$$00000000)
    __rt_lib_shutdown_cpp_1                  0x080001a7   Thumb Code     0  libshutdown2.o(.ARM.Collect$$libshutdown$$00000002)
    __rt_lib_shutdown_fp_trap_1              0x080001a7   Thumb Code     0  libshutdown2.o(.ARM.Collect$$libshutdown$$00000007)
    __rt_lib_shutdown_heap_1                 0x080001a7   Thumb Code     0  libshutdown2.o(.ARM.Collect$$libshutdown$$0000000F)
    __rt_lib_shutdown_return                 0x080001a7   Thumb Code     0  libshutdown2.o(.ARM.Collect$$libshutdown$$00000010)
    __rt_lib_shutdown_signal_1               0x080001a7   Thumb Code     0  libshutdown2.o(.ARM.Collect$$libshutdown$$0000000A)
    __rt_lib_shutdown_stdio_1                0x080001a7   Thumb Code     0  libshutdown2.o(.ARM.Collect$$libshutdown$$00000004)
    __rt_lib_shutdown_user_alloc_1           0x080001a7   Thumb Code     0  libshutdown2.o(.ARM.Collect$$libshutdown$$0000000C)
    __rt_entry                               0x080001a9   Thumb Code     0  __rtentry.o(.ARM.Collect$$rtentry$$00000000)
    __rt_entry_presh_1                       0x080001a9   Thumb Code     0  __rtentry2.o(.ARM.Collect$$rtentry$$00000002)
    __rt_entry_sh                            0x080001a9   Thumb Code     0  __rtentry4.o(.ARM.Collect$$rtentry$$00000004)
    __rt_entry_li                            0x080001af   Thumb Code     0  __rtentry2.o(.ARM.Collect$$rtentry$$0000000A)
    __rt_entry_postsh_1                      0x080001af   Thumb Code     0  __rtentry2.o(.ARM.Collect$$rtentry$$00000009)
    __rt_entry_main                          0x080001b3   Thumb Code     0  __rtentry2.o(.ARM.Collect$$rtentry$$0000000D)
    __rt_entry_postli_1                      0x080001b3   Thumb Code     0  __rtentry2.o(.ARM.Collect$$rtentry$$0000000C)
    __rt_exit                                0x080001bb   Thumb Code     0  rtexit.o(.ARM.Collect$$rtexit$$00000000)
    __rt_exit_ls                             0x080001bd   Thumb Code     0  rtexit2.o(.ARM.Collect$$rtexit$$00000003)
    __rt_exit_prels_1                        0x080001bd   Thumb Code     0  rtexit2.o(.ARM.Collect$$rtexit$$00000002)
    __rt_exit_exit                           0x080001c1   Thumb Code     0  rtexit2.o(.ARM.Collect$$rtexit$$00000004)
    Reset_Handler                            0x080001c9   Thumb Code     8  startup_stm32f103xb.o(.text)
    ADC1_2_IRQHandler                        0x080001e3   Thumb Code     0  startup_stm32f103xb.o(.text)
    CAN1_RX1_IRQHandler                      0x080001e3   Thumb Code     0  startup_stm32f103xb.o(.text)
    CAN1_SCE_IRQHandler                      0x080001e3   Thumb Code     0  startup_stm32f103xb.o(.text)
    DMA1_Channel1_IRQHandler                 0x080001e3   Thumb Code     0  startup_stm32f103xb.o(.text)
    DMA1_Channel2_IRQHandler                 0x080001e3   Thumb Code     0  startup_stm32f103xb.o(.text)
    DMA1_Channel3_IRQHandler                 0x080001e3   Thumb Code     0  startup_stm32f103xb.o(.text)
    DMA1_Channel4_IRQHandler                 0x080001e3   Thumb Code     0  startup_stm32f103xb.o(.text)
    DMA1_Channel5_IRQHandler                 0x080001e3   Thumb Code     0  startup_stm32f103xb.o(.text)
    DMA1_Channel6_IRQHandler                 0x080001e3   Thumb Code     0  startup_stm32f103xb.o(.text)
    DMA1_Channel7_IRQHandler                 0x080001e3   Thumb Code     0  startup_stm32f103xb.o(.text)
    EXTI0_IRQHandler                         0x080001e3   Thumb Code     0  startup_stm32f103xb.o(.text)
    EXTI15_10_IRQHandler                     0x080001e3   Thumb Code     0  startup_stm32f103xb.o(.text)
    EXTI1_IRQHandler                         0x080001e3   Thumb Code     0  startup_stm32f103xb.o(.text)
    EXTI2_IRQHandler                         0x080001e3   Thumb Code     0  startup_stm32f103xb.o(.text)
    EXTI3_IRQHandler                         0x080001e3   Thumb Code     0  startup_stm32f103xb.o(.text)
    EXTI4_IRQHandler                         0x080001e3   Thumb Code     0  startup_stm32f103xb.o(.text)
    EXTI9_5_IRQHandler                       0x080001e3   Thumb Code     0  startup_stm32f103xb.o(.text)
    FLASH_IRQHandler                         0x080001e3   Thumb Code     0  startup_stm32f103xb.o(.text)
    I2C1_ER_IRQHandler                       0x080001e3   Thumb Code     0  startup_stm32f103xb.o(.text)
    I2C1_EV_IRQHandler                       0x080001e3   Thumb Code     0  startup_stm32f103xb.o(.text)
    PVD_IRQHandler                           0x080001e3   Thumb Code     0  startup_stm32f103xb.o(.text)
    RCC_IRQHandler                           0x080001e3   Thumb Code     0  startup_stm32f103xb.o(.text)
    RTC_Alarm_IRQHandler                     0x080001e3   Thumb Code     0  startup_stm32f103xb.o(.text)
    RTC_IRQHandler                           0x080001e3   Thumb Code     0  startup_stm32f103xb.o(.text)
    SPI1_IRQHandler                          0x080001e3   Thumb Code     0  startup_stm32f103xb.o(.text)
    SPI2_IRQHandler                          0x080001e3   Thumb Code     0  startup_stm32f103xb.o(.text)
    TAMPER_IRQHandler                        0x080001e3   Thumb Code     0  startup_stm32f103xb.o(.text)
    TIM1_BRK_IRQHandler                      0x080001e3   Thumb Code     0  startup_stm32f103xb.o(.text)
    TIM1_CC_IRQHandler                       0x080001e3   Thumb Code     0  startup_stm32f103xb.o(.text)
    TIM1_TRG_COM_IRQHandler                  0x080001e3   Thumb Code     0  startup_stm32f103xb.o(.text)
    TIM1_UP_IRQHandler                       0x080001e3   Thumb Code     0  startup_stm32f103xb.o(.text)
    TIM2_IRQHandler                          0x080001e3   Thumb Code     0  startup_stm32f103xb.o(.text)
    USART1_IRQHandler                        0x080001e3   Thumb Code     0  startup_stm32f103xb.o(.text)
    USART2_IRQHandler                        0x080001e3   Thumb Code     0  startup_stm32f103xb.o(.text)
    USART3_IRQHandler                        0x080001e3   Thumb Code     0  startup_stm32f103xb.o(.text)
    USBWakeUp_IRQHandler                     0x080001e3   Thumb Code     0  startup_stm32f103xb.o(.text)
    WWDG_IRQHandler                          0x080001e3   Thumb Code     0  startup_stm32f103xb.o(.text)
    __user_initial_stackheap                 0x080001e5   Thumb Code     0  startup_stm32f103xb.o(.text)
    __aeabi_uldivmod                         0x08000209   Thumb Code     0  lludivv7m.o(.text)
    _ll_udiv                                 0x08000209   Thumb Code   240  lludivv7m.o(.text)
    __use_two_region_memory                  0x080002f9   Thumb Code     2  heapauxi.o(.text)
    __rt_heap_escrow$2region                 0x080002fb   Thumb Code     2  heapauxi.o(.text)
    __rt_heap_expand$2region                 0x080002fd   Thumb Code     2  heapauxi.o(.text)
    __read_errno                             0x080002ff   Thumb Code    10  _rserrno.o(.text)
    __set_errno                              0x08000309   Thumb Code    12  _rserrno.o(.text)
    __aeabi_errno_addr                       0x08000315   Thumb Code     8  rt_errno_addr_intlibspace.o(.text)
    __errno$intlibspace                      0x08000315   Thumb Code     0  rt_errno_addr_intlibspace.o(.text)
    __rt_errno_addr$intlibspace              0x08000315   Thumb Code     0  rt_errno_addr_intlibspace.o(.text)
    __user_libspace                          0x0800031d   Thumb Code     8  libspace.o(.text)
    __user_perproc_libspace                  0x0800031d   Thumb Code     0  libspace.o(.text)
    __user_perthread_libspace                0x0800031d   Thumb Code     0  libspace.o(.text)
    __user_setup_stackheap                   0x08000325   Thumb Code    74  sys_stackheap_outer.o(.text)
    exit                                     0x0800036f   Thumb Code    18  exit.o(.text)
    _sys_exit                                0x08000381   Thumb Code     8  sys_exit.o(.text)
    __I$use$semihosting                      0x0800038d   Thumb Code     0  use_no_semi.o(.text)
    __use_no_semihosting_swi                 0x0800038d   Thumb Code     2  use_no_semi.o(.text)
    __semihosting_library_function           0x0800038f   Thumb Code     0  indicate_semi.o(.text)
    ADC_Enable                               0x08000391   Thumb Code   182  stm32f1xx_hal_adc.o(.text.ADC_Enable)
    BusFault_Handler                         0x08000449   Thumb Code     2  stm32f1xx_it.o(.text.BusFault_Handler)
    DebugMon_Handler                         0x0800044d   Thumb Code     2  stm32f1xx_it.o(.text.DebugMon_Handler)
    DoublePWM                                0x08000451   Thumb Code   134  main.o(.text.DoublePWM)
    FLASH_WaitForLastOperation               0x080004d9   Thumb Code   224  stm32f1xx_hal_flash.o(.text.FLASH_WaitForLastOperation)
    HAL_ADC_ConfigChannel                    0x080005b9   Thumb Code   396  stm32f1xx_hal_adc.o(.text.HAL_ADC_ConfigChannel)
    HAL_ADC_GetValue                         0x08000745   Thumb Code     6  stm32f1xx_hal_adc.o(.text.HAL_ADC_GetValue)
    HAL_ADC_Init                             0x0800074d   Thumb Code   348  stm32f1xx_hal_adc.o(.text.HAL_ADC_Init)
    HAL_ADC_MspInit                          0x080008a9   Thumb Code    98  stm32f1xx_hal_msp.o(.text.HAL_ADC_MspInit)
    HAL_ADC_PollForConversion                0x0800090d   Thumb Code   616  stm32f1xx_hal_adc.o(.text.HAL_ADC_PollForConversion)
    HAL_ADC_Start                            0x08000b75   Thumb Code   204  stm32f1xx_hal_adc.o(.text.HAL_ADC_Start)
    HAL_ADC_Stop                             0x08000c41   Thumb Code   126  stm32f1xx_hal_adc.o(.text.HAL_ADC_Stop)
    HAL_CAN_ActivateNotification             0x08000cc1   Thumb Code    46  stm32f1xx_hal_can.o(.text.HAL_CAN_ActivateNotification)
    HAL_CAN_AddTxMessage                     0x08000cf1   Thumb Code   168  stm32f1xx_hal_can.o(.text.HAL_CAN_AddTxMessage)
    HAL_CAN_ConfigFilter                     0x08000d99   Thumb Code   234  stm32f1xx_hal_can.o(.text.HAL_CAN_ConfigFilter)
    HAL_CAN_ErrorCallback                    0x08000e85   Thumb Code     2  stm32f1xx_hal_can.o(.text.HAL_CAN_ErrorCallback)
    HAL_CAN_GetTxMailboxesFreeLevel          0x08000e89   Thumb Code    40  stm32f1xx_hal_can.o(.text.HAL_CAN_GetTxMailboxesFreeLevel)
    HAL_CAN_IRQHandler                       0x08000eb1   Thumb Code   606  stm32f1xx_hal_can.o(.text.HAL_CAN_IRQHandler)
    HAL_CAN_Init                             0x08001111   Thumb Code   244  stm32f1xx_hal_can.o(.text.HAL_CAN_Init)
    HAL_CAN_MspInit                          0x08001205   Thumb Code   186  stm32f1xx_hal_msp.o(.text.HAL_CAN_MspInit)
    HAL_CAN_RxFifo0FullCallback              0x080012c1   Thumb Code     2  stm32f1xx_hal_can.o(.text.HAL_CAN_RxFifo0FullCallback)
    HAL_CAN_RxFifo0MsgPendingCallback        0x080012c5   Thumb Code     2  stm32f1xx_hal_can.o(.text.HAL_CAN_RxFifo0MsgPendingCallback)
    HAL_CAN_RxFifo1FullCallback              0x080012c9   Thumb Code     2  stm32f1xx_hal_can.o(.text.HAL_CAN_RxFifo1FullCallback)
    HAL_CAN_RxFifo1MsgPendingCallback        0x080012cd   Thumb Code     2  stm32f1xx_hal_can.o(.text.HAL_CAN_RxFifo1MsgPendingCallback)
    HAL_CAN_SleepCallback                    0x080012d1   Thumb Code     2  stm32f1xx_hal_can.o(.text.HAL_CAN_SleepCallback)
    HAL_CAN_Start                            0x080012d5   Thumb Code    90  stm32f1xx_hal_can.o(.text.HAL_CAN_Start)
    HAL_CAN_TxMailbox0AbortCallback          0x08001331   Thumb Code     2  stm32f1xx_hal_can.o(.text.HAL_CAN_TxMailbox0AbortCallback)
    HAL_CAN_TxMailbox0CompleteCallback       0x08001335   Thumb Code     2  stm32f1xx_hal_can.o(.text.HAL_CAN_TxMailbox0CompleteCallback)
    HAL_CAN_TxMailbox1AbortCallback          0x08001339   Thumb Code     2  stm32f1xx_hal_can.o(.text.HAL_CAN_TxMailbox1AbortCallback)
    HAL_CAN_TxMailbox1CompleteCallback       0x0800133d   Thumb Code     2  stm32f1xx_hal_can.o(.text.HAL_CAN_TxMailbox1CompleteCallback)
    HAL_CAN_TxMailbox2AbortCallback          0x08001341   Thumb Code     2  stm32f1xx_hal_can.o(.text.HAL_CAN_TxMailbox2AbortCallback)
    HAL_CAN_TxMailbox2CompleteCallback       0x08001345   Thumb Code     2  stm32f1xx_hal_can.o(.text.HAL_CAN_TxMailbox2CompleteCallback)
    HAL_CAN_WakeUpFromRxMsgCallback          0x08001349   Thumb Code     2  stm32f1xx_hal_can.o(.text.HAL_CAN_WakeUpFromRxMsgCallback)
    HAL_CRC_Calculate                        0x0800134d   Thumb Code   136  stm32f1xx_hal_crc.o(.text.HAL_CRC_Calculate)
    HAL_CRC_Init                             0x080013d5   Thumb Code    42  stm32f1xx_hal_crc.o(.text.HAL_CRC_Init)
    HAL_CRC_MspInit                          0x08001401   Thumb Code    50  stm32f1xx_hal_msp.o(.text.HAL_CRC_MspInit)
    HAL_DMA_Abort_IT                         0x08001435   Thumb Code   178  stm32f1xx_hal_dma.o(.text.HAL_DMA_Abort_IT)
    HAL_DMA_GetState                         0x080014e9   Thumb Code     6  stm32f1xx_hal_dma.o(.text.HAL_DMA_GetState)
    HAL_Delay                                0x080014f1   Thumb Code    40  stm32f1xx_hal.o(.text.HAL_Delay)
    HAL_FLASHEx_Erase                        0x08001519   Thumb Code   238  stm32f1xx_hal_flash_ex.o(.text.HAL_FLASHEx_Erase)
    HAL_FLASH_GetError                       0x08001609   Thumb Code    12  stm32f1xx_hal_flash.o(.text.HAL_FLASH_GetError)
    HAL_FLASH_Lock                           0x08001615   Thumb Code    20  stm32f1xx_hal_flash.o(.text.HAL_FLASH_Lock)
    HAL_FLASH_Program                        0x08001629   Thumb Code   172  stm32f1xx_hal_flash.o(.text.HAL_FLASH_Program)
    HAL_FLASH_Unlock                         0x080016d5   Thumb Code    46  stm32f1xx_hal_flash.o(.text.HAL_FLASH_Unlock)
    HAL_GPIO_Init                            0x08001705   Thumb Code   538  stm32f1xx_hal_gpio.o(.text.HAL_GPIO_Init)
    HAL_GPIO_ReadPin                         0x08001921   Thumb Code    10  stm32f1xx_hal_gpio.o(.text.HAL_GPIO_ReadPin)
    HAL_GPIO_WritePin                        0x0800192d   Thumb Code    10  stm32f1xx_hal_gpio.o(.text.HAL_GPIO_WritePin)
    HAL_GetTick                              0x08001939   Thumb Code    12  stm32f1xx_hal.o(.text.HAL_GetTick)
    HAL_I2C_AbortCpltCallback                0x08001945   Thumb Code     2  stm32f1xx_hal_i2c.o(.text.HAL_I2C_AbortCpltCallback)
    HAL_I2C_AddrCallback                     0x08001949   Thumb Code     2  stm32f1xx_hal_i2c.o(.text.HAL_I2C_AddrCallback)
    HAL_I2C_ER_IRQHandler                    0x0800194d   Thumb Code   340  stm32f1xx_hal_i2c.o(.text.HAL_I2C_ER_IRQHandler)
    HAL_I2C_EV_IRQHandler                    0x08001aa1   Thumb Code  1628  stm32f1xx_hal_i2c.o(.text.HAL_I2C_EV_IRQHandler)
    HAL_I2C_ErrorCallback                    0x080020fd   Thumb Code     2  stm32f1xx_hal_i2c.o(.text.HAL_I2C_ErrorCallback)
    HAL_I2C_Init                             0x08002101   Thumb Code   374  stm32f1xx_hal_i2c.o(.text.HAL_I2C_Init)
    HAL_I2C_ListenCpltCallback               0x08002279   Thumb Code     2  stm32f1xx_hal_i2c.o(.text.HAL_I2C_ListenCpltCallback)
    HAL_I2C_MasterRxCpltCallback             0x0800227d   Thumb Code     2  main.o(.text.HAL_I2C_MasterRxCpltCallback)
    HAL_I2C_MasterTxCpltCallback             0x08002281   Thumb Code     2  main.o(.text.HAL_I2C_MasterTxCpltCallback)
    HAL_I2C_Master_Receive_IT                0x08002285   Thumb Code   380  stm32f1xx_hal_i2c.o(.text.HAL_I2C_Master_Receive_IT)
    HAL_I2C_Master_Transmit                  0x08002401   Thumb Code   468  stm32f1xx_hal_i2c.o(.text.HAL_I2C_Master_Transmit)
    HAL_I2C_MemRxCpltCallback                0x080025d5   Thumb Code     2  stm32f1xx_hal_i2c.o(.text.HAL_I2C_MemRxCpltCallback)
    HAL_I2C_MemTxCpltCallback                0x080025d9   Thumb Code     2  stm32f1xx_hal_i2c.o(.text.HAL_I2C_MemTxCpltCallback)
    HAL_I2C_MspInit                          0x080025dd   Thumb Code   132  stm32f1xx_hal_msp.o(.text.HAL_I2C_MspInit)
    HAL_I2C_SlaveRxCpltCallback              0x08002661   Thumb Code     2  stm32f1xx_hal_i2c.o(.text.HAL_I2C_SlaveRxCpltCallback)
    HAL_I2C_SlaveTxCpltCallback              0x08002665   Thumb Code     2  stm32f1xx_hal_i2c.o(.text.HAL_I2C_SlaveTxCpltCallback)
    HAL_IWDG_Init                            0x08002669   Thumb Code    88  stm32f1xx_hal_iwdg.o(.text.HAL_IWDG_Init)
    HAL_IWDG_Refresh                         0x080026c1   Thumb Code    12  stm32f1xx_hal_iwdg.o(.text.HAL_IWDG_Refresh)
    HAL_IncTick                              0x080026cd   Thumb Code    26  stm32f1xx_hal.o(.text.HAL_IncTick)
    HAL_Init                                 0x080026e9   Thumb Code    38  stm32f1xx_hal.o(.text.HAL_Init)
    HAL_InitTick                             0x08002711   Thumb Code    72  stm32f1xx_hal.o(.text.HAL_InitTick)
    HAL_MspInit                              0x08002759   Thumb Code    66  stm32f1xx_hal_msp.o(.text.HAL_MspInit)
    HAL_NVIC_EnableIRQ                       0x0800279d   Thumb Code    38  stm32f1xx_hal_cortex.o(.text.HAL_NVIC_EnableIRQ)
    HAL_NVIC_SetPriority                     0x080027c5   Thumb Code    86  stm32f1xx_hal_cortex.o(.text.HAL_NVIC_SetPriority)
    HAL_NVIC_SetPriorityGrouping             0x0800281d   Thumb Code    32  stm32f1xx_hal_cortex.o(.text.HAL_NVIC_SetPriorityGrouping)
    HAL_RCCEx_GetPeriphCLKFreq               0x0800283d   Thumb Code   220  stm32f1xx_hal_rcc_ex.o(.text.HAL_RCCEx_GetPeriphCLKFreq)
    HAL_RCCEx_PeriphCLKConfig                0x0800292d   Thumb Code   266  stm32f1xx_hal_rcc_ex.o(.text.HAL_RCCEx_PeriphCLKConfig)
    HAL_RCC_ClockConfig                      0x08002a39   Thumb Code   446  stm32f1xx_hal_rcc.o(.text.HAL_RCC_ClockConfig)
    HAL_RCC_GetPCLK1Freq                     0x08002bf9   Thumb Code    38  stm32f1xx_hal_rcc.o(.text.HAL_RCC_GetPCLK1Freq)
    HAL_RCC_GetPCLK2Freq                     0x08002c21   Thumb Code    38  stm32f1xx_hal_rcc.o(.text.HAL_RCC_GetPCLK2Freq)
    HAL_RCC_OscConfig                        0x08002c49   Thumb Code   948  stm32f1xx_hal_rcc.o(.text.HAL_RCC_OscConfig)
    HAL_SYSTICK_Config                       0x08002ffd   Thumb Code    44  stm32f1xx_hal_cortex.o(.text.HAL_SYSTICK_Config)
    HAL_TIMEx_BreakCallback                  0x08003029   Thumb Code     2  stm32f1xx_hal_tim_ex.o(.text.HAL_TIMEx_BreakCallback)
    HAL_TIMEx_CommutCallback                 0x0800302d   Thumb Code     2  stm32f1xx_hal_tim_ex.o(.text.HAL_TIMEx_CommutCallback)
    HAL_TIMEx_MasterConfigSynchronization    0x08003031   Thumb Code   122  stm32f1xx_hal_tim_ex.o(.text.HAL_TIMEx_MasterConfigSynchronization)
    HAL_TIM_Base_Init                        0x080030ad   Thumb Code   236  stm32f1xx_hal_tim.o(.text.HAL_TIM_Base_Init)
    HAL_TIM_Base_MspInit                     0x08003199   Thumb Code   116  stm32f1xx_hal_msp.o(.text.HAL_TIM_Base_MspInit)
    HAL_TIM_Base_Start_IT                    0x0800320d   Thumb Code   110  stm32f1xx_hal_tim.o(.text.HAL_TIM_Base_Start_IT)
    HAL_TIM_ConfigClockSource                0x0800327d   Thumb Code   412  stm32f1xx_hal_tim.o(.text.HAL_TIM_ConfigClockSource)
    HAL_TIM_IC_CaptureCallback               0x08003419   Thumb Code     2  stm32f1xx_hal_tim.o(.text.HAL_TIM_IC_CaptureCallback)
    HAL_TIM_IRQHandler                       0x0800341d   Thumb Code   368  stm32f1xx_hal_tim.o(.text.HAL_TIM_IRQHandler)
    HAL_TIM_OC_DelayElapsedCallback          0x0800358d   Thumb Code     2  stm32f1xx_hal_tim.o(.text.HAL_TIM_OC_DelayElapsedCallback)
    HAL_TIM_PWM_PulseFinishedCallback        0x08003591   Thumb Code     2  stm32f1xx_hal_tim.o(.text.HAL_TIM_PWM_PulseFinishedCallback)
    HAL_TIM_PeriodElapsedCallback            0x08003595   Thumb Code   966  main.o(.text.HAL_TIM_PeriodElapsedCallback)
    HAL_TIM_TriggerCallback                  0x0800395d   Thumb Code     2  stm32f1xx_hal_tim.o(.text.HAL_TIM_TriggerCallback)
    HAL_UART_Init                            0x08003961   Thumb Code   226  stm32f1xx_hal_uart.o(.text.HAL_UART_Init)
    HAL_UART_MspInit                         0x08003a45   Thumb Code   136  stm32f1xx_hal_msp.o(.text.HAL_UART_MspInit)
    HardFault_Handler                        0x08003acd   Thumb Code     2  stm32f1xx_it.o(.text.HardFault_Handler)
    I2C2_ER_IRQHandler                       0x08003ad1   Thumb Code    12  stm32f1xx_it.o(.text.I2C2_ER_IRQHandler)
    I2C2_EV_IRQHandler                       0x08003add   Thumb Code    12  stm32f1xx_it.o(.text.I2C2_EV_IRQHandler)
    MemManage_Handler                        0x080045f1   Thumb Code     2  stm32f1xx_it.o(.text.MemManage_Handler)
    NMI_Handler                              0x080045f5   Thumb Code     2  stm32f1xx_it.o(.text.NMI_Handler)
    PendSV_Handler                           0x080045f9   Thumb Code     2  stm32f1xx_it.o(.text.PendSV_Handler)
    ProcessChannel                           0x080045fd   Thumb Code   272  main.o(.text.ProcessChannel)
    SVC_Handler                              0x0800470d   Thumb Code     2  stm32f1xx_it.o(.text.SVC_Handler)
    SysTick_Handler                          0x08004711   Thumb Code     4  stm32f1xx_it.o(.text.SysTick_Handler)
    SystemInit                               0x08004715   Thumb Code     2  system_stm32f1xx.o(.text.SystemInit)
    TIM3_IRQHandler                          0x08004719   Thumb Code    12  stm32f1xx_it.o(.text.TIM3_IRQHandler)
    TIM4_IRQHandler                          0x08004725   Thumb Code    12  stm32f1xx_it.o(.text.TIM4_IRQHandler)
    USB_HP_CAN1_TX_IRQHandler                0x08004731   Thumb Code    12  stm32f1xx_it.o(.text.USB_HP_CAN1_TX_IRQHandler)
    USB_LP_CAN1_RX0_IRQHandler               0x0800473d   Thumb Code    12  stm32f1xx_it.o(.text.USB_LP_CAN1_RX0_IRQHandler)
    UpdateStatus                             0x08004749   Thumb Code   540  main.o(.text.UpdateStatus)
    UsageFault_Handler                       0x08004965   Thumb Code     2  stm32f1xx_it.o(.text.UsageFault_Handler)
    erase_flash                              0x08004969   Thumb Code    60  flashprom.o(.text.erase_flash)
    flash_search_adress                      0x080049a5   Thumb Code   194  flashprom.o(.text.flash_search_adress)
    main                                     0x08004a69   Thumb Code  4160  main.o(.text.main)
    read_last_data_in_flash                  0x08005aa9   Thumb Code   206  flashprom.o(.text.read_last_data_in_flash)
    write_to_flash                           0x08005b79   Thumb Code   520  flashprom.o(.text.write_to_flash)
    roundf                                   0x08005d81   Thumb Code   114  roundf.o(i.roundf)
    sqrt                                     0x08005df3   Thumb Code    76  sqrt.o(i.sqrt)
    __aeabi_d2f                              0x08005e41   Thumb Code     0  d2f.o(x$fpl$d2f)
    _d2f                                     0x08005e41   Thumb Code    98  d2f.o(x$fpl$d2f)
    __aeabi_dadd                             0x08005ea5   Thumb Code     0  daddsub_clz.o(x$fpl$dadd)
    _dadd                                    0x08005ea5   Thumb Code   332  daddsub_clz.o(x$fpl$dadd)
    __aeabi_d2iz                             0x08005ff5   Thumb Code     0  dfix.o(x$fpl$dfix)
    _dfix                                    0x08005ff5   Thumb Code    94  dfix.o(x$fpl$dfix)
    __aeabi_i2d                              0x08006053   Thumb Code     0  dflt_clz.o(x$fpl$dflt)
    _dflt                                    0x08006053   Thumb Code    46  dflt_clz.o(x$fpl$dflt)
    __aeabi_ul2d                             0x08006081   Thumb Code     0  dfltll_clz.o(x$fpl$dfltull)
    _ll_uto_d                                0x08006081   Thumb Code   138  dfltll_clz.o(x$fpl$dfltull)
    __aeabi_dmul                             0x0800610d   Thumb Code     0  dmul.o(x$fpl$dmul)
    _dmul                                    0x0800610d   Thumb Code   332  dmul.o(x$fpl$dmul)
    __fpl_dnaninf                            0x08006261   Thumb Code   156  dnaninf.o(x$fpl$dnaninf)
    __fpl_dretinf                            0x080062fd   Thumb Code    12  dretinf.o(x$fpl$dretinf)
    _dsqrt                                   0x08006309   Thumb Code   456  dsqrt_noumaal.o(x$fpl$dsqrt)
    __aeabi_dsub                             0x080064d5   Thumb Code     0  daddsub_clz.o(x$fpl$dsub)
    _dsub                                    0x080064d5   Thumb Code   472  daddsub_clz.o(x$fpl$dsub)
    __aeabi_fadd                             0x080066b1   Thumb Code     0  faddsub_clz.o(x$fpl$fadd)
    _fadd                                    0x080066b1   Thumb Code   196  faddsub_clz.o(x$fpl$fadd)
    __aeabi_f2iz                             0x08006775   Thumb Code     0  ffix.o(x$fpl$ffix)
    _ffix                                    0x08006775   Thumb Code    54  ffix.o(x$fpl$ffix)
    __fpl_fnaninf                            0x080067ab   Thumb Code   140  fnaninf.o(x$fpl$fnaninf)
    __fpl_fretinf                            0x08006837   Thumb Code    10  fretinf.o(x$fpl$fretinf)
    _frnd                                    0x08006841   Thumb Code    96  frnd.o(x$fpl$frnd)
    __aeabi_fsub                             0x080068a1   Thumb Code     0  faddsub_clz.o(x$fpl$fsub)
    _fsub                                    0x080068a1   Thumb Code   234  faddsub_clz.o(x$fpl$fsub)
    AHBPrescTable                            0x0800698a   Data          16  system_stm32f1xx.o(.rodata.AHBPrescTable)
    __I$use$fp                               0x0800698a   Number         0  usenofp.o(x$fpl$usenofp)
    APBPrescTable                            0x0800699a   Data           8  system_stm32f1xx.o(.rodata.APBPrescTable)
    Region$$Table$$Base                      0x080069b4   Number         0  anon$$obj.o(Region$$Table)
    Region$$Table$$Limit                     0x080069d4   Number         0  anon$$obj.o(Region$$Table)
    uwTickFreq                               0x20000000   Data           1  stm32f1xx_hal.o(.data..L_MergedGlobals)
    uwTickPrio                               0x20000004   Data           4  stm32f1xx_hal.o(.data..L_MergedGlobals)
    SystemCoreClock                          0x20000008   Data           4  system_stm32f1xx.o(.data.SystemCoreClock)
    menus                                    0x2000000c   Data        2010  main.o(.data.menus)
    __libspace_start                         0x200007e8   Data          96  libspace.o(.bss)
    __temporary_stack_top$libspace           0x20000848   Data           0  libspace.o(.bss)
    tick100Hz                                0x20000848   Data           1  main.o(.bss..L_MergedGlobals)
    speed_tick                               0x2000084a   Data           2  main.o(.bss..L_MergedGlobals)
    res_addr                                 0x20000850   Data           4  main.o(.bss..L_MergedGlobals)
    temp1                                    0x20000854   Data           4  main.o(.bss..L_MergedGlobals)
    i2c_data                                 0x20000858   Data           8  main.o(.bss..L_MergedGlobals)
    hcrc                                     0x20000860   Data           8  main.o(.bss..L_MergedGlobals)
    sConfig                                  0x20000868   Data          12  main.o(.bss..L_MergedGlobals)
    hiwdg                                    0x20000874   Data          12  main.o(.bss..L_MergedGlobals)
    i2c_buf                                  0x20000880   Data          14  main.o(.bss..L_MergedGlobals)
    i2c_receive                              0x2000088e   Data          14  main.o(.bss..L_MergedGlobals)
    pa7                                      0x2000089c   Data          16  main.o(.bss..L_MergedGlobals)
    pb0                                      0x200008ac   Data          16  main.o(.bss..L_MergedGlobals)
    pb1                                      0x200008bc   Data          16  main.o(.bss..L_MergedGlobals.1)
    pb2                                      0x200008cc   Data          16  main.o(.bss..L_MergedGlobals.1)
    pa8                                      0x200008dc   Data          16  main.o(.bss..L_MergedGlobals.1)
    pa12                                     0x200008ec   Data          16  main.o(.bss..L_MergedGlobals.1)
    pwm_L                                    0x200008fc   Data          24  main.o(.bss..L_MergedGlobals.1)
    pwm_R                                    0x20000914   Data          24  main.o(.bss..L_MergedGlobals.1)
    Channel_L                                0x2000092c   Data          32  main.o(.bss..L_MergedGlobals.2)
    Channel_R                                0x2000094c   Data          32  main.o(.bss..L_MergedGlobals.2)
    main_data                                0x2000096c   Data          34  main.o(.bss..L_MergedGlobals.2)
    hcan                                     0x20000990   Data          40  main.o(.bss..L_MergedGlobals.3)
    hadc1                                    0x200009b8   Data          48  main.o(.bss..L_MergedGlobals.3)
    hi2c2                                    0x200009f8   Data          84  main.o(.bss.hi2c2)
    htim3                                    0x20000a4c   Data          72  main.o(.bss.htim3)
    htim4                                    0x20000a94   Data          72  main.o(.bss.htim4)
    huart1                                   0x20000adc   Data          72  main.o(.bss.huart1)
    pFlash                                   0x20000b28   Data          32  stm32f1xx_hal_flash.o(.bss.pFlash)
    pa                                       0x20000b48   Data         168  main.o(.bss.pa)
    params_buf                               0x20000bf0   Data          62  main.o(.bss.params_buf)
    uwTick                                   0x20000c30   Data           4  stm32f1xx_hal.o(.bss.uwTick)



==============================================================================

Memory Map of the image

  Image Entry point : 0x080000ed

  Load Region LR_IROM1 (Base: 0x08000000, Size: 0x000071c0, Max: 0x00010000, ABSOLUTE, COMPRESSED[0x00006c48])

    Execution Region ER_IROM1 (Exec base: 0x08000000, Load base: 0x08000000, Size: 0x000069d4, Max: 0x00010000, ABSOLUTE)

    Exec Addr    Load Addr    Size         Type   Attr      Idx    E Section Name        Object

    0x08000000   0x08000000   0x000000ec   Data   RO            3    RESET               startup_stm32f103xb.o
    0x080000ec   0x080000ec   0x00000008   Code   RO         1347  * !!!main             c_w.l(__main.o)
    0x080000f4   0x080000f4   0x00000034   Code   RO         1584    !!!scatter          c_w.l(__scatter.o)
    0x08000128   0x08000128   0x0000005a   Code   RO         1582    !!dczerorl2         c_w.l(__dczerorl2.o)
    0x08000182   0x08000182   0x00000002   PAD
    0x08000184   0x08000184   0x0000001c   Code   RO         1586    !!handler_zi        c_w.l(__scatter_zi.o)
    0x080001a0   0x080001a0   0x00000002   Code   RO         1447    .ARM.Collect$$libinit$$00000000  c_w.l(libinit.o)
    0x080001a2   0x080001a2   0x00000000   Code   RO         1457    .ARM.Collect$$libinit$$00000002  c_w.l(libinit2.o)
    0x080001a2   0x080001a2   0x00000000   Code   RO         1459    .ARM.Collect$$libinit$$00000004  c_w.l(libinit2.o)
    0x080001a2   0x080001a2   0x00000000   Code   RO         1461    .ARM.Collect$$libinit$$00000006  c_w.l(libinit2.o)
    0x080001a2   0x080001a2   0x00000000   Code   RO         1464    .ARM.Collect$$libinit$$0000000C  c_w.l(libinit2.o)
    0x080001a2   0x080001a2   0x00000000   Code   RO         1466    .ARM.Collect$$libinit$$0000000E  c_w.l(libinit2.o)
    0x080001a2   0x080001a2   0x00000000   Code   RO         1468    .ARM.Collect$$libinit$$00000010  c_w.l(libinit2.o)
    0x080001a2   0x080001a2   0x00000000   Code   RO         1471    .ARM.Collect$$libinit$$00000013  c_w.l(libinit2.o)
    0x080001a2   0x080001a2   0x00000000   Code   RO         1473    .ARM.Collect$$libinit$$00000015  c_w.l(libinit2.o)
    0x080001a2   0x080001a2   0x00000000   Code   RO         1475    .ARM.Collect$$libinit$$00000017  c_w.l(libinit2.o)
    0x080001a2   0x080001a2   0x00000000   Code   RO         1477    .ARM.Collect$$libinit$$00000019  c_w.l(libinit2.o)
    0x080001a2   0x080001a2   0x00000000   Code   RO         1479    .ARM.Collect$$libinit$$0000001B  c_w.l(libinit2.o)
    0x080001a2   0x080001a2   0x00000000   Code   RO         1481    .ARM.Collect$$libinit$$0000001D  c_w.l(libinit2.o)
    0x080001a2   0x080001a2   0x00000000   Code   RO         1483    .ARM.Collect$$libinit$$0000001F  c_w.l(libinit2.o)
    0x080001a2   0x080001a2   0x00000000   Code   RO         1485    .ARM.Collect$$libinit$$00000021  c_w.l(libinit2.o)
    0x080001a2   0x080001a2   0x00000000   Code   RO         1487    .ARM.Collect$$libinit$$00000023  c_w.l(libinit2.o)
    0x080001a2   0x080001a2   0x00000000   Code   RO         1489    .ARM.Collect$$libinit$$00000025  c_w.l(libinit2.o)
    0x080001a2   0x080001a2   0x00000000   Code   RO         1491    .ARM.Collect$$libinit$$00000027  c_w.l(libinit2.o)
    0x080001a2   0x080001a2   0x00000000   Code   RO         1495    .ARM.Collect$$libinit$$0000002E  c_w.l(libinit2.o)
    0x080001a2   0x080001a2   0x00000000   Code   RO         1497    .ARM.Collect$$libinit$$00000030  c_w.l(libinit2.o)
    0x080001a2   0x080001a2   0x00000000   Code   RO         1499    .ARM.Collect$$libinit$$00000032  c_w.l(libinit2.o)
    0x080001a2   0x080001a2   0x00000000   Code   RO         1501    .ARM.Collect$$libinit$$00000034  c_w.l(libinit2.o)
    0x080001a2   0x080001a2   0x00000002   Code   RO         1502    .ARM.Collect$$libinit$$00000035  c_w.l(libinit2.o)
    0x080001a4   0x080001a4   0x00000002   Code   RO         1537    .ARM.Collect$$libshutdown$$00000000  c_w.l(libshutdown.o)
    0x080001a6   0x080001a6   0x00000000   Code   RO         1565    .ARM.Collect$$libshutdown$$00000002  c_w.l(libshutdown2.o)
    0x080001a6   0x080001a6   0x00000000   Code   RO         1567    .ARM.Collect$$libshutdown$$00000004  c_w.l(libshutdown2.o)
    0x080001a6   0x080001a6   0x00000000   Code   RO         1570    .ARM.Collect$$libshutdown$$00000007  c_w.l(libshutdown2.o)
    0x080001a6   0x080001a6   0x00000000   Code   RO         1573    .ARM.Collect$$libshutdown$$0000000A  c_w.l(libshutdown2.o)
    0x080001a6   0x080001a6   0x00000000   Code   RO         1575    .ARM.Collect$$libshutdown$$0000000C  c_w.l(libshutdown2.o)
    0x080001a6   0x080001a6   0x00000000   Code   RO         1578    .ARM.Collect$$libshutdown$$0000000F  c_w.l(libshutdown2.o)
    0x080001a6   0x080001a6   0x00000002   Code   RO         1579    .ARM.Collect$$libshutdown$$00000010  c_w.l(libshutdown2.o)
    0x080001a8   0x080001a8   0x00000000   Code   RO         1383    .ARM.Collect$$rtentry$$00000000  c_w.l(__rtentry.o)
    0x080001a8   0x080001a8   0x00000000   Code   RO         1410    .ARM.Collect$$rtentry$$00000002  c_w.l(__rtentry2.o)
    0x080001a8   0x080001a8   0x00000006   Code   RO         1422    .ARM.Collect$$rtentry$$00000004  c_w.l(__rtentry4.o)
    0x080001ae   0x080001ae   0x00000000   Code   RO         1412    .ARM.Collect$$rtentry$$00000009  c_w.l(__rtentry2.o)
    0x080001ae   0x080001ae   0x00000004   Code   RO         1413    .ARM.Collect$$rtentry$$0000000A  c_w.l(__rtentry2.o)
    0x080001b2   0x080001b2   0x00000000   Code   RO         1415    .ARM.Collect$$rtentry$$0000000C  c_w.l(__rtentry2.o)
    0x080001b2   0x080001b2   0x00000008   Code   RO         1416    .ARM.Collect$$rtentry$$0000000D  c_w.l(__rtentry2.o)
    0x080001ba   0x080001ba   0x00000002   Code   RO         1448    .ARM.Collect$$rtexit$$00000000  c_w.l(rtexit.o)
    0x080001bc   0x080001bc   0x00000000   Code   RO         1508    .ARM.Collect$$rtexit$$00000002  c_w.l(rtexit2.o)
    0x080001bc   0x080001bc   0x00000004   Code   RO         1509    .ARM.Collect$$rtexit$$00000003  c_w.l(rtexit2.o)
    0x080001c0   0x080001c0   0x00000006   Code   RO         1510    .ARM.Collect$$rtexit$$00000004  c_w.l(rtexit2.o)
    0x080001c6   0x080001c6   0x00000002   PAD
    0x080001c8   0x080001c8   0x00000040   Code   RO            4    .text               startup_stm32f103xb.o
    0x08000208   0x08000208   0x000000f0   Code   RO         1341    .text               c_w.l(lludivv7m.o)
    0x080002f8   0x080002f8   0x00000006   Code   RO         1345    .text               c_w.l(heapauxi.o)
    0x080002fe   0x080002fe   0x00000016   Code   RO         1388    .text               c_w.l(_rserrno.o)
    0x08000314   0x08000314   0x00000008   Code   RO         1429    .text               c_w.l(rt_errno_addr_intlibspace.o)
    0x0800031c   0x0800031c   0x00000008   Code   RO         1431    .text               c_w.l(libspace.o)
    0x08000324   0x08000324   0x0000004a   Code   RO         1434    .text               c_w.l(sys_stackheap_outer.o)
    0x0800036e   0x0800036e   0x00000012   Code   RO         1436    .text               c_w.l(exit.o)
    0x08000380   0x08000380   0x0000000c   Code   RO         1503    .text               c_w.l(sys_exit.o)
    0x0800038c   0x0800038c   0x00000002   Code   RO         1526    .text               c_w.l(use_no_semi.o)
    0x0800038e   0x0800038e   0x00000000   Code   RO         1528    .text               c_w.l(indicate_semi.o)
    0x0800038e   0x0800038e   0x00000002   PAD
    0x08000390   0x08000390   0x000000b6   Code   RO          217    .text.ADC_Enable    stm32f1xx_hal_adc.o
    0x08000446   0x08000446   0x00000002   PAD
    0x08000448   0x08000448   0x00000002   Code   RO          126    .text.BusFault_Handler  stm32f1xx_it.o
    0x0800044a   0x0800044a   0x00000002   PAD
    0x0800044c   0x0800044c   0x00000002   Code   RO          132    .text.DebugMon_Handler  stm32f1xx_it.o
    0x0800044e   0x0800044e   0x00000002   PAD
    0x08000450   0x08000450   0x00000086   Code   RO           52    .text.DoublePWM     main.o
    0x080004d6   0x080004d6   0x00000002   PAD
    0x080004d8   0x080004d8   0x000000e0   Code   RO          555    .text.FLASH_WaitForLastOperation  stm32f1xx_hal_flash.o
    0x080005b8   0x080005b8   0x0000018c   Code   RO          251    .text.HAL_ADC_ConfigChannel  stm32f1xx_hal_adc.o
    0x08000744   0x08000744   0x00000006   Code   RO          239    .text.HAL_ADC_GetValue  stm32f1xx_hal_adc.o
    0x0800074a   0x0800074a   0x00000002   PAD
    0x0800074c   0x0800074c   0x0000015c   Code   RO          205    .text.HAL_ADC_Init  stm32f1xx_hal_adc.o
    0x080008a8   0x080008a8   0x00000062   Code   RO          159    .text.HAL_ADC_MspInit  stm32f1xx_hal_msp.o
    0x0800090a   0x0800090a   0x00000002   PAD
    0x0800090c   0x0800090c   0x00000268   Code   RO          221    .text.HAL_ADC_PollForConversion  stm32f1xx_hal_adc.o
    0x08000b74   0x08000b74   0x000000cc   Code   RO          215    .text.HAL_ADC_Start  stm32f1xx_hal_adc.o
    0x08000c40   0x08000c40   0x0000007e   Code   RO          219    .text.HAL_ADC_Stop  stm32f1xx_hal_adc.o
    0x08000cbe   0x08000cbe   0x00000002   PAD
    0x08000cc0   0x08000cc0   0x0000002e   Code   RO          668    .text.HAL_CAN_ActivateNotification  stm32f1xx_hal_can.o
    0x08000cee   0x08000cee   0x00000002   PAD
    0x08000cf0   0x08000cf0   0x000000a8   Code   RO          654    .text.HAL_CAN_AddTxMessage  stm32f1xx_hal_can.o
    0x08000d98   0x08000d98   0x000000ea   Code   RO          644    .text.HAL_CAN_ConfigFilter  stm32f1xx_hal_can.o
    0x08000e82   0x08000e82   0x00000002   PAD
    0x08000e84   0x08000e84   0x00000002   Code   RO          698    .text.HAL_CAN_ErrorCallback  stm32f1xx_hal_can.o
    0x08000e86   0x08000e86   0x00000002   PAD
    0x08000e88   0x08000e88   0x00000028   Code   RO          658    .text.HAL_CAN_GetTxMailboxesFreeLevel  stm32f1xx_hal_can.o
    0x08000eb0   0x08000eb0   0x0000025e   Code   RO          672    .text.HAL_CAN_IRQHandler  stm32f1xx_hal_can.o
    0x0800110e   0x0800110e   0x00000002   PAD
    0x08001110   0x08001110   0x000000f4   Code   RO          634    .text.HAL_CAN_Init  stm32f1xx_hal_can.o
    0x08001204   0x08001204   0x000000ba   Code   RO          163    .text.HAL_CAN_MspInit  stm32f1xx_hal_msp.o
    0x080012be   0x080012be   0x00000002   PAD
    0x080012c0   0x080012c0   0x00000002   Code   RO          686    .text.HAL_CAN_RxFifo0FullCallback  stm32f1xx_hal_can.o
    0x080012c2   0x080012c2   0x00000002   PAD
    0x080012c4   0x080012c4   0x00000002   Code   RO          688    .text.HAL_CAN_RxFifo0MsgPendingCallback  stm32f1xx_hal_can.o
    0x080012c6   0x080012c6   0x00000002   PAD
    0x080012c8   0x080012c8   0x00000002   Code   RO          690    .text.HAL_CAN_RxFifo1FullCallback  stm32f1xx_hal_can.o
    0x080012ca   0x080012ca   0x00000002   PAD
    0x080012cc   0x080012cc   0x00000002   Code   RO          692    .text.HAL_CAN_RxFifo1MsgPendingCallback  stm32f1xx_hal_can.o
    0x080012ce   0x080012ce   0x00000002   PAD
    0x080012d0   0x080012d0   0x00000002   Code   RO          694    .text.HAL_CAN_SleepCallback  stm32f1xx_hal_can.o
    0x080012d2   0x080012d2   0x00000002   PAD
    0x080012d4   0x080012d4   0x0000005a   Code   RO          646    .text.HAL_CAN_Start  stm32f1xx_hal_can.o
    0x0800132e   0x0800132e   0x00000002   PAD
    0x08001330   0x08001330   0x00000002   Code   RO          676    .text.HAL_CAN_TxMailbox0AbortCallback  stm32f1xx_hal_can.o
    0x08001332   0x08001332   0x00000002   PAD
    0x08001334   0x08001334   0x00000002   Code   RO          674    .text.HAL_CAN_TxMailbox0CompleteCallback  stm32f1xx_hal_can.o
    0x08001336   0x08001336   0x00000002   PAD
    0x08001338   0x08001338   0x00000002   Code   RO          680    .text.HAL_CAN_TxMailbox1AbortCallback  stm32f1xx_hal_can.o
    0x0800133a   0x0800133a   0x00000002   PAD
    0x0800133c   0x0800133c   0x00000002   Code   RO          678    .text.HAL_CAN_TxMailbox1CompleteCallback  stm32f1xx_hal_can.o
    0x0800133e   0x0800133e   0x00000002   PAD
    0x08001340   0x08001340   0x00000002   Code   RO          684    .text.HAL_CAN_TxMailbox2AbortCallback  stm32f1xx_hal_can.o
    0x08001342   0x08001342   0x00000002   PAD
    0x08001344   0x08001344   0x00000002   Code   RO          682    .text.HAL_CAN_TxMailbox2CompleteCallback  stm32f1xx_hal_can.o
    0x08001346   0x08001346   0x00000002   PAD
    0x08001348   0x08001348   0x00000002   Code   RO          696    .text.HAL_CAN_WakeUpFromRxMsgCallback  stm32f1xx_hal_can.o
    0x0800134a   0x0800134a   0x00000002   PAD
    0x0800134c   0x0800134c   0x00000088   Code   RO          724    .text.HAL_CRC_Calculate  stm32f1xx_hal_crc.o
    0x080013d4   0x080013d4   0x0000002a   Code   RO          714    .text.HAL_CRC_Init  stm32f1xx_hal_crc.o
    0x080013fe   0x080013fe   0x00000002   PAD
    0x08001400   0x08001400   0x00000032   Code   RO          167    .text.HAL_CRC_MspInit  stm32f1xx_hal_msp.o
    0x08001432   0x08001432   0x00000002   PAD
    0x08001434   0x08001434   0x000000b2   Code   RO          447    .text.HAL_DMA_Abort_IT  stm32f1xx_hal_dma.o
    0x080014e6   0x080014e6   0x00000002   PAD
    0x080014e8   0x080014e8   0x00000006   Code   RO          457    .text.HAL_DMA_GetState  stm32f1xx_hal_dma.o
    0x080014ee   0x080014ee   0x00000002   PAD
    0x080014f0   0x080014f0   0x00000028   Code   RO          321    .text.HAL_Delay     stm32f1xx_hal.o
    0x08001518   0x08001518   0x000000ee   Code   RO          586    .text.HAL_FLASHEx_Erase  stm32f1xx_hal_flash_ex.o
    0x08001606   0x08001606   0x00000002   PAD
    0x08001608   0x08001608   0x0000000c   Code   RO          575    .text.HAL_FLASH_GetError  stm32f1xx_hal_flash.o
    0x08001614   0x08001614   0x00000014   Code   RO          567    .text.HAL_FLASH_Lock  stm32f1xx_hal_flash.o
    0x08001628   0x08001628   0x000000ac   Code   RO          553    .text.HAL_FLASH_Program  stm32f1xx_hal_flash.o
    0x080016d4   0x080016d4   0x0000002e   Code   RO          565    .text.HAL_FLASH_Unlock  stm32f1xx_hal_flash.o
    0x08001702   0x08001702   0x00000002   PAD
    0x08001704   0x08001704   0x0000021a   Code   RO          413    .text.HAL_GPIO_Init  stm32f1xx_hal_gpio.o
    0x0800191e   0x0800191e   0x00000002   PAD
    0x08001920   0x08001920   0x0000000a   Code   RO          417    .text.HAL_GPIO_ReadPin  stm32f1xx_hal_gpio.o
    0x0800192a   0x0800192a   0x00000002   PAD
    0x0800192c   0x0800192c   0x0000000a   Code   RO          419    .text.HAL_GPIO_WritePin  stm32f1xx_hal_gpio.o
    0x08001936   0x08001936   0x00000002   PAD
    0x08001938   0x08001938   0x0000000c   Code   RO          313    .text.HAL_GetTick   stm32f1xx_hal.o
    0x08001944   0x08001944   0x00000002   Code   RO          856    .text.HAL_I2C_AbortCpltCallback  stm32f1xx_hal_i2c.o
    0x08001946   0x08001946   0x00000002   PAD
    0x08001948   0x08001948   0x00000002   Code   RO          846    .text.HAL_I2C_AddrCallback  stm32f1xx_hal_i2c.o
    0x0800194a   0x0800194a   0x00000002   PAD
    0x0800194c   0x0800194c   0x00000154   Code   RO          836    .text.HAL_I2C_ER_IRQHandler  stm32f1xx_hal_i2c.o
    0x08001aa0   0x08001aa0   0x0000065c   Code   RO          824    .text.HAL_I2C_EV_IRQHandler  stm32f1xx_hal_i2c.o
    0x080020fc   0x080020fc   0x00000002   Code   RO          854    .text.HAL_I2C_ErrorCallback  stm32f1xx_hal_i2c.o
    0x080020fe   0x080020fe   0x00000002   PAD
    0x08002100   0x08002100   0x00000176   Code   RO          736    .text.HAL_I2C_Init  stm32f1xx_hal_i2c.o
    0x08002276   0x08002276   0x00000002   PAD
    0x08002278   0x08002278   0x00000002   Code   RO          848    .text.HAL_I2C_ListenCpltCallback  stm32f1xx_hal_i2c.o
    0x0800227a   0x0800227a   0x00000002   PAD
    0x0800227c   0x0800227c   0x00000002   Code   RO           66    .text.HAL_I2C_MasterRxCpltCallback  main.o
    0x0800227e   0x0800227e   0x00000002   PAD
    0x08002280   0x08002280   0x00000002   Code   RO           64    .text.HAL_I2C_MasterTxCpltCallback  main.o
    0x08002282   0x08002282   0x00000002   PAD
    0x08002284   0x08002284   0x0000017c   Code   RO          762    .text.HAL_I2C_Master_Receive_IT  stm32f1xx_hal_i2c.o
    0x08002400   0x08002400   0x000001d4   Code   RO          744    .text.HAL_I2C_Master_Transmit  stm32f1xx_hal_i2c.o
    0x080025d4   0x080025d4   0x00000002   Code   RO          852    .text.HAL_I2C_MemRxCpltCallback  stm32f1xx_hal_i2c.o
    0x080025d6   0x080025d6   0x00000002   PAD
    0x080025d8   0x080025d8   0x00000002   Code   RO          850    .text.HAL_I2C_MemTxCpltCallback  stm32f1xx_hal_i2c.o
    0x080025da   0x080025da   0x00000002   PAD
    0x080025dc   0x080025dc   0x00000084   Code   RO          171    .text.HAL_I2C_MspInit  stm32f1xx_hal_msp.o
    0x08002660   0x08002660   0x00000002   Code   RO          844    .text.HAL_I2C_SlaveRxCpltCallback  stm32f1xx_hal_i2c.o
    0x08002662   0x08002662   0x00000002   PAD
    0x08002664   0x08002664   0x00000002   Code   RO          842    .text.HAL_I2C_SlaveTxCpltCallback  stm32f1xx_hal_i2c.o
    0x08002666   0x08002666   0x00000002   PAD
    0x08002668   0x08002668   0x00000058   Code   RO          874    .text.HAL_IWDG_Init  stm32f1xx_hal_iwdg.o
    0x080026c0   0x080026c0   0x0000000c   Code   RO          876    .text.HAL_IWDG_Refresh  stm32f1xx_hal_iwdg.o
    0x080026cc   0x080026cc   0x0000001a   Code   RO          311    .text.HAL_IncTick   stm32f1xx_hal.o
    0x080026e6   0x080026e6   0x00000002   PAD
    0x080026e8   0x080026e8   0x00000026   Code   RO          301    .text.HAL_Init      stm32f1xx_hal.o
    0x0800270e   0x0800270e   0x00000002   PAD
    0x08002710   0x08002710   0x00000048   Code   RO          303    .text.HAL_InitTick  stm32f1xx_hal.o
    0x08002758   0x08002758   0x00000042   Code   RO          157    .text.HAL_MspInit   stm32f1xx_hal_msp.o
    0x0800279a   0x0800279a   0x00000002   PAD
    0x0800279c   0x0800279c   0x00000026   Code   RO          473    .text.HAL_NVIC_EnableIRQ  stm32f1xx_hal_cortex.o
    0x080027c2   0x080027c2   0x00000002   PAD
    0x080027c4   0x080027c4   0x00000056   Code   RO          471    .text.HAL_NVIC_SetPriority  stm32f1xx_hal_cortex.o
    0x0800281a   0x0800281a   0x00000002   PAD
    0x0800281c   0x0800281c   0x00000020   Code   RO          469    .text.HAL_NVIC_SetPriorityGrouping  stm32f1xx_hal_cortex.o
    0x0800283c   0x0800283c   0x000000f0   Code   RO          403    .text.HAL_RCCEx_GetPeriphCLKFreq  stm32f1xx_hal_rcc_ex.o
    0x0800292c   0x0800292c   0x0000010a   Code   RO          399    .text.HAL_RCCEx_PeriphCLKConfig  stm32f1xx_hal_rcc_ex.o
    0x08002a36   0x08002a36   0x00000002   PAD
    0x08002a38   0x08002a38   0x000001be   Code   RO          365    .text.HAL_RCC_ClockConfig  stm32f1xx_hal_rcc.o
    0x08002bf6   0x08002bf6   0x00000002   PAD
    0x08002bf8   0x08002bf8   0x00000026   Code   RO          377    .text.HAL_RCC_GetPCLK1Freq  stm32f1xx_hal_rcc.o
    0x08002c1e   0x08002c1e   0x00000002   PAD
    0x08002c20   0x08002c20   0x00000026   Code   RO          379    .text.HAL_RCC_GetPCLK2Freq  stm32f1xx_hal_rcc.o
    0x08002c46   0x08002c46   0x00000002   PAD
    0x08002c48   0x08002c48   0x000003b4   Code   RO          363    .text.HAL_RCC_OscConfig  stm32f1xx_hal_rcc.o
    0x08002ffc   0x08002ffc   0x0000002c   Code   RO          481    .text.HAL_SYSTICK_Config  stm32f1xx_hal_cortex.o
    0x08003028   0x08003028   0x00000002   Code   RO         1191    .text.HAL_TIMEx_BreakCallback  stm32f1xx_hal_tim_ex.o
    0x0800302a   0x0800302a   0x00000002   PAD
    0x0800302c   0x0800302c   0x00000002   Code   RO         1187    .text.HAL_TIMEx_CommutCallback  stm32f1xx_hal_tim_ex.o
    0x0800302e   0x0800302e   0x00000002   PAD
    0x08003030   0x08003030   0x0000007a   Code   RO         1181    .text.HAL_TIMEx_MasterConfigSynchronization  stm32f1xx_hal_tim_ex.o
    0x080030aa   0x080030aa   0x00000002   PAD
    0x080030ac   0x080030ac   0x000000ec   Code   RO          886    .text.HAL_TIM_Base_Init  stm32f1xx_hal_tim.o
    0x08003198   0x08003198   0x00000074   Code   RO          175    .text.HAL_TIM_Base_MspInit  stm32f1xx_hal_msp.o
    0x0800320c   0x0800320c   0x0000006e   Code   RO          900    .text.HAL_TIM_Base_Start_IT  stm32f1xx_hal_tim.o
    0x0800327a   0x0800327a   0x00000002   PAD
    0x0800327c   0x0800327c   0x0000019c   Code   RO         1066    .text.HAL_TIM_ConfigClockSource  stm32f1xx_hal_tim.o
    0x08003418   0x08003418   0x00000002   Code   RO         1022    .text.HAL_TIM_IC_CaptureCallback  stm32f1xx_hal_tim.o
    0x0800341a   0x0800341a   0x00000002   PAD
    0x0800341c   0x0800341c   0x00000170   Code   RO         1020    .text.HAL_TIM_IRQHandler  stm32f1xx_hal_tim.o
    0x0800358c   0x0800358c   0x00000002   Code   RO         1024    .text.HAL_TIM_OC_DelayElapsedCallback  stm32f1xx_hal_tim.o
    0x0800358e   0x0800358e   0x00000002   PAD
    0x08003590   0x08003590   0x00000002   Code   RO         1026    .text.HAL_TIM_PWM_PulseFinishedCallback  stm32f1xx_hal_tim.o
    0x08003592   0x08003592   0x00000002   PAD
    0x08003594   0x08003594   0x000003c6   Code   RO           56    .text.HAL_TIM_PeriodElapsedCallback  main.o
    0x0800395a   0x0800395a   0x00000002   PAD
    0x0800395c   0x0800395c   0x00000002   Code   RO         1030    .text.HAL_TIM_TriggerCallback  stm32f1xx_hal_tim.o
    0x0800395e   0x0800395e   0x00000002   PAD
    0x08003960   0x08003960   0x000000e2   Code   RO         1205    .text.HAL_UART_Init  stm32f1xx_hal_uart.o
    0x08003a42   0x08003a42   0x00000002   PAD
    0x08003a44   0x08003a44   0x00000088   Code   RO          179    .text.HAL_UART_MspInit  stm32f1xx_hal_msp.o
    0x08003acc   0x08003acc   0x00000002   Code   RO          122    .text.HardFault_Handler  stm32f1xx_it.o
    0x08003ace   0x08003ace   0x00000002   PAD
    0x08003ad0   0x08003ad0   0x0000000c   Code   RO          148    .text.I2C2_ER_IRQHandler  stm32f1xx_it.o
    0x08003adc   0x08003adc   0x0000000c   Code   RO          146    .text.I2C2_EV_IRQHandler  stm32f1xx_it.o
    0x08003ae8   0x08003ae8   0x00000122   Code   RO          810    .text.I2C_DMAAbort  stm32f1xx_hal_i2c.o
    0x08003c0a   0x08003c0a   0x00000002   PAD
    0x08003c0c   0x08003c0c   0x0000018c   Code   RO          822    .text.I2C_ITError   stm32f1xx_hal_i2c.o
    0x08003d98   0x08003d98   0x000000e8   Code   RO          834    .text.I2C_MasterReceive_BTF  stm32f1xx_hal_i2c.o
    0x08003e80   0x08003e80   0x00000142   Code   RO          832    .text.I2C_MasterReceive_RXNE  stm32f1xx_hal_i2c.o
    0x08003fc2   0x08003fc2   0x00000002   PAD
    0x08003fc4   0x08003fc4   0x00000082   Code   RO          828    .text.I2C_MasterTransmit_BTF  stm32f1xx_hal_i2c.o
    0x08004046   0x08004046   0x00000002   PAD
    0x08004048   0x08004048   0x000000b2   Code   RO          826    .text.I2C_MasterTransmit_TXE  stm32f1xx_hal_i2c.o
    0x080040fa   0x080040fa   0x00000002   PAD
    0x080040fc   0x080040fc   0x000000be   Code   RO          830    .text.I2C_MemoryTransmit_TXE_BTF  stm32f1xx_hal_i2c.o
    0x080041ba   0x080041ba   0x00000002   PAD
    0x080041bc   0x080041bc   0x000000be   Code   RO          750    .text.I2C_WaitOnBTFFlagUntilTimeout  stm32f1xx_hal_i2c.o
    0x0800427a   0x0800427a   0x00000002   PAD
    0x0800427c   0x0800427c   0x000001d2   Code   RO          746    .text.I2C_WaitOnFlagUntilTimeout  stm32f1xx_hal_i2c.o
    0x0800444e   0x0800444e   0x00000002   PAD
    0x08004450   0x08004450   0x000000e0   Code   RO          864    .text.I2C_WaitOnMasterAddressFlagUntilTimeout  stm32f1xx_hal_i2c.o
    0x08004530   0x08004530   0x000000be   Code   RO          748    .text.I2C_WaitOnTXEFlagUntilTimeout  stm32f1xx_hal_i2c.o
    0x080045ee   0x080045ee   0x00000002   PAD
    0x080045f0   0x080045f0   0x00000002   Code   RO          124    .text.MemManage_Handler  stm32f1xx_it.o
    0x080045f2   0x080045f2   0x00000002   PAD
    0x080045f4   0x080045f4   0x00000002   Code   RO          120    .text.NMI_Handler   stm32f1xx_it.o
    0x080045f6   0x080045f6   0x00000002   PAD
    0x080045f8   0x080045f8   0x00000002   Code   RO          134    .text.PendSV_Handler  stm32f1xx_it.o
    0x080045fa   0x080045fa   0x00000002   PAD
    0x080045fc   0x080045fc   0x00000110   Code   RO           54    .text.ProcessChannel  main.o
    0x0800470c   0x0800470c   0x00000002   Code   RO          130    .text.SVC_Handler   stm32f1xx_it.o
    0x0800470e   0x0800470e   0x00000002   PAD
    0x08004710   0x08004710   0x00000004   Code   RO          136    .text.SysTick_Handler  stm32f1xx_it.o
    0x08004714   0x08004714   0x00000002   Code   RO         1325    .text.SystemInit    system_stm32f1xx.o
    0x08004716   0x08004716   0x00000002   PAD
    0x08004718   0x08004718   0x0000000c   Code   RO          142    .text.TIM3_IRQHandler  stm32f1xx_it.o
    0x08004724   0x08004724   0x0000000c   Code   RO          144    .text.TIM4_IRQHandler  stm32f1xx_it.o
    0x08004730   0x08004730   0x0000000c   Code   RO          138    .text.USB_HP_CAN1_TX_IRQHandler  stm32f1xx_it.o
    0x0800473c   0x0800473c   0x0000000c   Code   RO          140    .text.USB_LP_CAN1_RX0_IRQHandler  stm32f1xx_it.o
    0x08004748   0x08004748   0x0000021c   Code   RO           62    .text.UpdateStatus  main.o
    0x08004964   0x08004964   0x00000002   Code   RO          128    .text.UsageFault_Handler  stm32f1xx_it.o
    0x08004966   0x08004966   0x00000002   PAD
    0x08004968   0x08004968   0x0000003c   Code   RO           11    .text.erase_flash   flashprom.o
    0x080049a4   0x080049a4   0x000000c2   Code   RO           13    .text.flash_search_adress  flashprom.o
    0x08004a66   0x08004a66   0x00000002   PAD
    0x08004a68   0x08004a68   0x00001040   Code   RO           86    .text.main          main.o
    0x08005aa8   0x08005aa8   0x000000ce   Code   RO           17    .text.read_last_data_in_flash  flashprom.o
    0x08005b76   0x08005b76   0x00000002   PAD
    0x08005b78   0x08005b78   0x00000208   Code   RO           15    .text.write_to_flash  flashprom.o
    0x08005d80   0x08005d80   0x00000072   Code   RO         1381    i.roundf            m_ws.l(roundf.o)
    0x08005df2   0x08005df2   0x0000004c   Code   RO         1378    i.sqrt              m_ws.l(sqrt.o)
    0x08005e3e   0x08005e3e   0x00000002   PAD
    0x08005e40   0x08005e40   0x00000062   Code   RO         1349    x$fpl$d2f           fz_ws.l(d2f.o)
    0x08005ea2   0x08005ea2   0x00000002   PAD
    0x08005ea4   0x08005ea4   0x00000150   Code   RO         1351    x$fpl$dadd          fz_ws.l(daddsub_clz.o)
    0x08005ff4   0x08005ff4   0x0000005e   Code   RO         1357    x$fpl$dfix          fz_ws.l(dfix.o)
    0x08006052   0x08006052   0x0000002e   Code   RO         1362    x$fpl$dflt          fz_ws.l(dflt_clz.o)
    0x08006080   0x08006080   0x0000008a   Code   RO         1368    x$fpl$dfltull       fz_ws.l(dfltll_clz.o)
    0x0800610a   0x0800610a   0x00000002   PAD
    0x0800610c   0x0800610c   0x00000154   Code   RO         1371    x$fpl$dmul          fz_ws.l(dmul.o)
    0x08006260   0x08006260   0x0000009c   Code   RO         1390    x$fpl$dnaninf       fz_ws.l(dnaninf.o)
    0x080062fc   0x080062fc   0x0000000c   Code   RO         1392    x$fpl$dretinf       fz_ws.l(dretinf.o)
    0x08006308   0x08006308   0x000001cc   Code   RO         1394    x$fpl$dsqrt         fz_ws.l(dsqrt_noumaal.o)
    0x080064d4   0x080064d4   0x000001dc   Code   RO         1353    x$fpl$dsub          fz_ws.l(daddsub_clz.o)
    0x080066b0   0x080066b0   0x000000c4   Code   RO         1396    x$fpl$fadd          fz_ws.l(faddsub_clz.o)
    0x08006774   0x08006774   0x00000036   Code   RO         1373    x$fpl$ffix          fz_ws.l(ffix.o)
    0x080067aa   0x080067aa   0x0000008c   Code   RO         1402    x$fpl$fnaninf       fz_ws.l(fnaninf.o)
    0x08006836   0x08006836   0x0000000a   Code   RO         1404    x$fpl$fretinf       fz_ws.l(fretinf.o)
    0x08006840   0x08006840   0x00000060   Code   RO         1406    x$fpl$frnd          fz_ws.l(frnd.o)
    0x080068a0   0x080068a0   0x000000ea   Code   RO         1398    x$fpl$fsub          fz_ws.l(faddsub_clz.o)
    0x0800698a   0x0800698a   0x00000000   Code   RO         1408    x$fpl$usenofp       fz_ws.l(usenofp.o)
    0x0800698a   0x0800698a   0x00000010   Data   RO         1330    .rodata.AHBPrescTable  system_stm32f1xx.o
    0x0800699a   0x0800699a   0x00000008   Data   RO         1331    .rodata.APBPrescTable  system_stm32f1xx.o
    0x080069a2   0x080069a2   0x00000002   Data   RO          390    .rodata.HAL_RCC_GetSysClockFreq.aPredivFactorTable  stm32f1xx_hal_rcc.o
    0x080069a4   0x080069a4   0x00000010   Data   RO          389    .rodata.cst16       stm32f1xx_hal_rcc.o
    0x080069b4   0x080069b4   0x00000020   Data   RO         1581    Region$$Table       anon$$obj.o


    Execution Region RW_IRAM1 (Exec base: 0x20000000, Load base: 0x080069d8, Size: 0x00001238, Max: 0x00005000, ABSOLUTE, COMPRESSED[0x00000270])

    Exec Addr    Load Addr    Size         Type   Attr      Idx    E Section Name        Object

    0x20000000   COMPRESSED   0x00000008   Data   RW          352    .data..L_MergedGlobals  stm32f1xx_hal.o
    0x20000008   COMPRESSED   0x00000004   Data   RW         1329    .data.SystemCoreClock  system_stm32f1xx.o
    0x2000000c   COMPRESSED   0x000007da   Data   RW           92    .data.menus         main.o
    0x200007e6   COMPRESSED   0x00000002   PAD
    0x200007e8        -       0x00000060   Zero   RW         1432    .bss                c_w.l(libspace.o)
    0x20000848        -       0x00000074   Zero   RW          108    .bss..L_MergedGlobals  main.o
    0x200008bc        -       0x00000070   Zero   RW          109    .bss..L_MergedGlobals.1  main.o
    0x2000092c        -       0x00000062   Zero   RW          110    .bss..L_MergedGlobals.2  main.o
    0x2000098e   COMPRESSED   0x00000002   PAD
    0x20000990        -       0x00000058   Zero   RW          111    .bss..L_MergedGlobals.3  main.o
    0x200009e8        -       0x00000010   Zero   RW           19    .bss.erase_flash.EraseInitStruct  flashprom.o
    0x200009f8        -       0x00000054   Zero   RW          102    .bss.hi2c2          main.o
    0x20000a4c        -       0x00000048   Zero   RW          100    .bss.htim3          main.o
    0x20000a94        -       0x00000048   Zero   RW          101    .bss.htim4          main.o
    0x20000adc        -       0x00000048   Zero   RW          105    .bss.huart1         main.o
    0x20000b24   COMPRESSED   0x00000004   PAD
    0x20000b28        -       0x00000020   Zero   RW          577    .bss.pFlash         stm32f1xx_hal_flash.o
    0x20000b48        -       0x000000a8   Zero   RW           98    .bss.pa             main.o
    0x20000bf0        -       0x0000003e   Zero   RW           99    .bss.params_buf     main.o
    0x20000c2e   COMPRESSED   0x00000002   PAD
    0x20000c30        -       0x00000004   Zero   RW          351    .bss.uwTick         stm32f1xx_hal.o
    0x20000c34   COMPRESSED   0x00000004   PAD
    0x20000c38        -       0x00000200   Zero   RW            2    HEAP                startup_stm32f103xb.o
    0x20000e38        -       0x00000400   Zero   RW            1    STACK               startup_stm32f103xb.o


==============================================================================

Image component sizes


      Code (inc. data)   RO Data    RW Data    ZI Data      Debug   Object Name

       980          0          0          0         16       5652   flashprom.o
      6076          0          0       2010        944      32418   main.o
        64         26        236          0       1536        788   startup_stm32f103xb.o
       188          0          0          8          4       5733   stm32f1xx_hal.o
      1878          0          0          0          0      13208   stm32f1xx_hal_adc.o
      1454          6          0          0          0      13693   stm32f1xx_hal_can.o
       200          0          0          0          0       8491   stm32f1xx_hal_cortex.o
       178          0          0          0          0       3801   stm32f1xx_hal_crc.o
       184          0          0          0          0       8430   stm32f1xx_hal_dma.o
       474          0          0          0         32       5516   stm32f1xx_hal_flash.o
       238          0          0          0          0       6953   stm32f1xx_hal_flash_ex.o
       558         22          0          0          0       4561   stm32f1xx_hal_gpio.o
      6014         16          0          0          0      42543   stm32f1xx_hal_i2c.o
       100          0          0          0          0       1640   stm32f1xx_hal_iwdg.o
       784          0          0          0          0      13667   stm32f1xx_hal_msp.o
      1470          0         18          0          0       7663   stm32f1xx_hal_rcc.o
       506         20          0          0          0       3564   stm32f1xx_hal_rcc_ex.o
      1134          0          0          0          0      55150   stm32f1xx_hal_tim.o
       126          0          0          0          0      20717   stm32f1xx_hal_tim_ex.o
       226          0          0          0          0      32322   stm32f1xx_hal_uart.o
        92          0          0          0          0       7826   stm32f1xx_it.o
         2          0         24          4          0       1613   system_stm32f1xx.o

    ----------------------------------------------------------------------
     23088         90        310       2024       2544     295949   Object Totals
         0          0         32          0          0          0   (incl. Generated)
       162          0          0          2         12          0   (incl. Padding)

    ----------------------------------------------------------------------

      Code (inc. data)   RO Data    RW Data    ZI Data      Debug   Library Member Name

        90          0          0          0          0          0   __dczerorl2.o
         8          0          0          0          0         68   __main.o
         0          0          0          0          0          0   __rtentry.o
        12          0          0          0          0          0   __rtentry2.o
         6          0          0          0          0          0   __rtentry4.o
        52          8          0          0          0          0   __scatter.o
        28          0          0          0          0          0   __scatter_zi.o
        22          0          0          0          0        100   _rserrno.o
        18          0          0          0          0         80   exit.o
         6          0          0          0          0        152   heapauxi.o
         0          0          0          0          0          0   indicate_semi.o
         2          0          0          0          0          0   libinit.o
         2          0          0          0          0          0   libinit2.o
         2          0          0          0          0          0   libshutdown.o
         2          0          0          0          0          0   libshutdown2.o
         8          4          0          0         96         68   libspace.o
       240          0          0          0          0        100   lludivv7m.o
         8          4          0          0          0         68   rt_errno_addr_intlibspace.o
         2          0          0          0          0          0   rtexit.o
        10          0          0          0          0          0   rtexit2.o
        12          4          0          0          0         68   sys_exit.o
        74          0          0          0          0         80   sys_stackheap_outer.o
         2          0          0          0          0         68   use_no_semi.o
        98          4          0          0          0         92   d2f.o
       812         16          0          0          0        296   daddsub_clz.o
        94          4          0          0          0         92   dfix.o
        46          0          0          0          0         68   dflt_clz.o
       138          0          0          0          0         84   dfltll_clz.o
       340         12          0          0          0        104   dmul.o
       156          4          0          0          0         92   dnaninf.o
        12          0          0          0          0         68   dretinf.o
       460         56          0          0          0        120   dsqrt_noumaal.o
       430          8          0          0          0        168   faddsub_clz.o
        54          4          0          0          0         84   ffix.o
       140          4          0          0          0         84   fnaninf.o
        10          0          0          0          0         68   fretinf.o
        96          4          0          0          0         76   frnd.o
         0          0          0          0          0          0   usenofp.o
       114          0          0          0          0         80   roundf.o
        76          0          0          0          0         84   sqrt.o

    ----------------------------------------------------------------------
      3694        136          0          0         96       2512   Library Totals
        12          0          0          0          0          0   (incl. Padding)

    ----------------------------------------------------------------------

      Code (inc. data)   RO Data    RW Data    ZI Data      Debug   Library Name

       606         20          0          0         96        852   c_w.l
      2886        116          0          0          0       1496   fz_ws.l
       190          0          0          0          0        164   m_ws.l

    ----------------------------------------------------------------------
      3694        136          0          0         96       2512   Library Totals

    ----------------------------------------------------------------------

==============================================================================


      Code (inc. data)   RO Data    RW Data    ZI Data      Debug   

     26782        226        310       2024       2640     296861   Grand Totals
     26782        226        310        624       2640     296861   ELF Image Totals (compressed)
     26782        226        310        624          0          0   ROM Totals

==============================================================================

    Total RO  Size (Code + RO Data)                27092 (  26.46kB)
    Total RW  Size (RW Data + ZI Data)              4664 (   4.55kB)
    Total ROM Size (Code + RO Data + RW Data)      27716 (  27.07kB)

==============================================================================

